Component: ARM Compiler 5.06 update 5 (build 528) Tool: armlink [4d35e2]

==============================================================================

Section Cross References

    startup_stm32f10x_md.o(STACK) refers (Special) to heapauxi.o(.text) for __use_two_region_memory
    startup_stm32f10x_md.o(HEAP) refers (Special) to heapauxi.o(.text) for __use_two_region_memory
    startup_stm32f10x_md.o(RESET) refers (Special) to heapauxi.o(.text) for __use_two_region_memory
    startup_stm32f10x_md.o(RESET) refers to startup_stm32f10x_md.o(STACK) for __initial_sp
    startup_stm32f10x_md.o(RESET) refers to startup_stm32f10x_md.o(.text) for Reset_Handler
    startup_stm32f10x_md.o(RESET) refers to stm32f10x_it.o(i.NMI_Handler) for NMI_Handler
    startup_stm32f10x_md.o(RESET) refers to stm32f10x_it.o(i.HardFault_Handler) for HardFault_Handler
    startup_stm32f10x_md.o(RESET) refers to stm32f10x_it.o(i.MemManage_Handler) for MemManage_Handler
    startup_stm32f10x_md.o(RESET) refers to stm32f10x_it.o(i.BusFault_Handler) for BusFault_Handler
    startup_stm32f10x_md.o(RESET) refers to stm32f10x_it.o(i.UsageFault_Handler) for UsageFault_Handler
    startup_stm32f10x_md.o(RESET) refers to stm32f10x_it.o(i.SVC_Handler) for SVC_Handler
    startup_stm32f10x_md.o(RESET) refers to stm32f10x_it.o(i.DebugMon_Handler) for DebugMon_Handler
    startup_stm32f10x_md.o(RESET) refers to stm32f10x_it.o(i.PendSV_Handler) for PendSV_Handler
    startup_stm32f10x_md.o(RESET) refers to stm32f10x_it.o(i.SysTick_Handler) for SysTick_Handler
    startup_stm32f10x_md.o(RESET) refers to tim1.o(i.TIM1_UP_IRQHandler) for TIM1_UP_IRQHandler
    startup_stm32f10x_md.o(RESET) refers to usart.o(i.USART1_IRQHandler) for USART1_IRQHandler
    startup_stm32f10x_md.o(.text) refers (Special) to heapauxi.o(.text) for __use_two_region_memory
    startup_stm32f10x_md.o(.text) refers to system_stm32f10x.o(i.SystemInit) for SystemInit
    startup_stm32f10x_md.o(.text) refers to __main.o(!!!main) for __main
    startup_stm32f10x_md.o(.text) refers to startup_stm32f10x_md.o(HEAP) for Heap_Mem
    startup_stm32f10x_md.o(.text) refers to startup_stm32f10x_md.o(STACK) for Stack_Mem
    system_stm32f10x.o(i.SetSysClock) refers to system_stm32f10x.o(i.SetSysClockTo72) for SetSysClockTo72
    system_stm32f10x.o(i.SystemCoreClockUpdate) refers to system_stm32f10x.o(.data) for SystemCoreClock
    system_stm32f10x.o(i.SystemInit) refers to system_stm32f10x.o(i.SetSysClock) for SetSysClock
    stm32f10x_adc.o(i.ADC_DeInit) refers to stm32f10x_rcc.o(i.RCC_APB2PeriphResetCmd) for RCC_APB2PeriphResetCmd
    stm32f10x_bkp.o(i.BKP_DeInit) refers to stm32f10x_rcc.o(i.RCC_BackupResetCmd) for RCC_BackupResetCmd
    stm32f10x_can.o(i.CAN_DeInit) refers to stm32f10x_rcc.o(i.RCC_APB1PeriphResetCmd) for RCC_APB1PeriphResetCmd
    stm32f10x_can.o(i.CAN_GetITStatus) refers to stm32f10x_can.o(i.CheckITStatus) for CheckITStatus
    stm32f10x_cec.o(i.CEC_DeInit) refers to stm32f10x_rcc.o(i.RCC_APB1PeriphResetCmd) for RCC_APB1PeriphResetCmd
    stm32f10x_dac.o(i.DAC_DeInit) refers to stm32f10x_rcc.o(i.RCC_APB1PeriphResetCmd) for RCC_APB1PeriphResetCmd
    stm32f10x_flash.o(i.FLASH_EnableWriteProtection) refers to stm32f10x_flash.o(i.FLASH_WaitForLastOperation) for FLASH_WaitForLastOperation
    stm32f10x_flash.o(i.FLASH_EraseAllBank1Pages) refers to stm32f10x_flash.o(i.FLASH_WaitForLastBank1Operation) for FLASH_WaitForLastBank1Operation
    stm32f10x_flash.o(i.FLASH_EraseAllPages) refers to stm32f10x_flash.o(i.FLASH_WaitForLastOperation) for FLASH_WaitForLastOperation
    stm32f10x_flash.o(i.FLASH_EraseOptionBytes) refers to stm32f10x_flash.o(i.FLASH_GetReadOutProtectionStatus) for FLASH_GetReadOutProtectionStatus
    stm32f10x_flash.o(i.FLASH_EraseOptionBytes) refers to stm32f10x_flash.o(i.FLASH_WaitForLastOperation) for FLASH_WaitForLastOperation
    stm32f10x_flash.o(i.FLASH_ErasePage) refers to stm32f10x_flash.o(i.FLASH_WaitForLastOperation) for FLASH_WaitForLastOperation
    stm32f10x_flash.o(i.FLASH_ProgramHalfWord) refers to stm32f10x_flash.o(i.FLASH_WaitForLastOperation) for FLASH_WaitForLastOperation
    stm32f10x_flash.o(i.FLASH_ProgramOptionByteData) refers to stm32f10x_flash.o(i.FLASH_WaitForLastOperation) for FLASH_WaitForLastOperation
    stm32f10x_flash.o(i.FLASH_ProgramWord) refers to stm32f10x_flash.o(i.FLASH_WaitForLastOperation) for FLASH_WaitForLastOperation
    stm32f10x_flash.o(i.FLASH_ReadOutProtection) refers to stm32f10x_flash.o(i.FLASH_WaitForLastOperation) for FLASH_WaitForLastOperation
    stm32f10x_flash.o(i.FLASH_UserOptionByteConfig) refers to stm32f10x_flash.o(i.FLASH_WaitForLastOperation) for FLASH_WaitForLastOperation
    stm32f10x_flash.o(i.FLASH_WaitForLastBank1Operation) refers to stm32f10x_flash.o(i.FLASH_GetBank1Status) for FLASH_GetBank1Status
    stm32f10x_flash.o(i.FLASH_WaitForLastOperation) refers to stm32f10x_flash.o(i.FLASH_GetBank1Status) for FLASH_GetBank1Status
[...]
    Removing stm32f10x_sdio.o(i.SDIO_StopSDIOReadWait), (12 bytes).
    Removing stm32f10x_sdio.o(i.SDIO_StructInit), (16 bytes).
    Removing stm32f10x_sdio.o(i.SDIO_WriteData), (12 bytes).
    Removing stm32f10x_spi.o(i.I2S_Cmd), (24 bytes).
    Removing stm32f10x_spi.o(i.I2S_Init), (232 bytes).
    Removing stm32f10x_spi.o(i.I2S_StructInit), (20 bytes).
    Removing stm32f10x_spi.o(i.SPI_BiDirectionalLineConfig), (28 bytes).
    Removing stm32f10x_spi.o(i.SPI_CalculateCRC), (24 bytes).
    Removing stm32f10x_spi.o(i.SPI_Cmd), (24 bytes).
    Removing stm32f10x_spi.o(i.SPI_DataSizeConfig), (18 bytes).
    Removing stm32f10x_spi.o(i.SPI_GetCRC), (16 bytes).
    Removing stm32f10x_spi.o(i.SPI_GetCRCPolynomial), (6 bytes).
    Removing stm32f10x_spi.o(i.SPI_I2S_ClearFlag), (6 bytes).
    Removing stm32f10x_spi.o(i.SPI_I2S_ClearITPendingBit), (20 bytes).
    Removing stm32f10x_spi.o(i.SPI_I2S_DMACmd), (18 bytes).
    Removing stm32f10x_spi.o(i.SPI_I2S_DeInit), (88 bytes).
    Removing stm32f10x_spi.o(i.SPI_I2S_GetFlagStatus), (18 bytes).
    Removing stm32f10x_spi.o(i.SPI_I2S_GetITStatus), (52 bytes).
    Removing stm32f10x_spi.o(i.SPI_I2S_ITConfig), (32 bytes).
    Removing stm32f10x_spi.o(i.SPI_I2S_ReceiveData), (6 bytes).
    Removing stm32f10x_spi.o(i.SPI_I2S_SendData), (4 bytes).
    Removing stm32f10x_spi.o(i.SPI_Init), (60 bytes).
    Removing stm32f10x_spi.o(i.SPI_NSSInternalSoftwareConfig), (30 bytes).
    Removing stm32f10x_spi.o(i.SPI_SSOutputCmd), (24 bytes).
    Removing stm32f10x_spi.o(i.SPI_StructInit), (24 bytes).
    Removing stm32f10x_spi.o(i.SPI_TransmitCRC), (10 bytes).
    Removing stm32f10x_tim.o(i.TI1_Config), (128 bytes).
    Removing stm32f10x_tim.o(i.TI2_Config), (152 bytes).
    Removing stm32f10x_tim.o(i.TI3_Config), (144 bytes).
    Removing stm32f10x_tim.o(i.TI4_Config), (152 bytes).
    Removing stm32f10x_tim.o(i.TIM_BDTRConfig), (32 bytes).
    Removing stm32f10x_tim.o(i.TIM_BDTRStructInit), (18 bytes).
    Removing stm32f10x_tim.o(i.TIM_CCPreloadControl), (24 bytes).
    Removing stm32f10x_tim.o(i.TIM_CCxCmd), (30 bytes).
    Removing stm32f10x_tim.o(i.TIM_CCxNCmd), (30 bytes).
    Removing stm32f10x_tim.o(i.TIM_ClearFlag), (6 bytes).
    Removing stm32f10x_tim.o(i.TIM_ClearOC1Ref), (18 bytes).
    Removing stm32f10x_tim.o(i.TIM_ClearOC2Ref), (24 bytes).
    Removing stm32f10x_tim.o(i.TIM_ClearOC3Ref), (18 bytes).
    Removing stm32f10x_tim.o(i.TIM_ClearOC4Ref), (24 bytes).
    Removing stm32f10x_tim.o(i.TIM_CounterModeConfig), (18 bytes).
    Removing stm32f10x_tim.o(i.TIM_DMACmd), (18 bytes).
    Removing stm32f10x_tim.o(i.TIM_DMAConfig), (10 bytes).
    Removing stm32f10x_tim.o(i.TIM_DeInit), (488 bytes).
    Removing stm32f10x_tim.o(i.TIM_ETRClockMode1Config), (54 bytes).
    Removing stm32f10x_tim.o(i.TIM_ETRClockMode2Config), (32 bytes).
    Removing stm32f10x_tim.o(i.TIM_ETRConfig), (28 bytes).
    Removing stm32f10x_tim.o(i.TIM_EncoderInterfaceConfig), (66 bytes).
    Removing stm32f10x_tim.o(i.TIM_ForcedOC1Config), (18 bytes).
    Removing stm32f10x_tim.o(i.TIM_ForcedOC2Config), (26 bytes).
    Removing stm32f10x_tim.o(i.TIM_ForcedOC3Config), (18 bytes).
    Removing stm32f10x_tim.o(i.TIM_ForcedOC4Config), (26 bytes).
    Removing stm32f10x_tim.o(i.TIM_GenerateEvent), (4 bytes).
    Removing stm32f10x_tim.o(i.TIM_GetCapture1), (6 bytes).
    Removing stm32f10x_tim.o(i.TIM_GetCapture2), (6 bytes).
    Removing stm32f10x_tim.o(i.TIM_GetCapture3), (6 bytes).
    Removing stm32f10x_tim.o(i.TIM_GetCapture4), (8 bytes).
    Removing stm32f10x_tim.o(i.TIM_GetCounter), (6 bytes).
    Removing stm32f10x_tim.o(i.TIM_GetFlagStatus), (18 bytes).
    Removing stm32f10x_tim.o(i.TIM_GetPrescaler), (6 bytes).
    Removing stm32f10x_tim.o(i.TIM_ICInit), (172 bytes).
    Removing stm32f10x_tim.o(i.TIM_ICStructInit), (18 bytes).
    Removing stm32f10x_tim.o(i.TIM_ITRxExternalClockConfig), (24 bytes).
    Removing stm32f10x_tim.o(i.TIM_InternalClockConfig), (12 bytes).
    Removing stm32f10x_tim.o(i.TIM_OC1FastConfig), (18 bytes).
    Removing stm32f10x_tim.o(i.TIM_OC1NPolarityConfig), (18 bytes).
    Removing stm32f10x_tim.o(i.TIM_OC1PolarityConfig), (18 bytes).
    Removing stm32f10x_tim.o(i.TIM_OC2FastConfig), (26 bytes).
    Removing stm32f10x_tim.o(i.TIM_OC2NPolarityConfig), (26 bytes).
    Removing stm32f10x_tim.o(i.TIM_OC2PolarityConfig), (26 bytes).
    Removing stm32f10x_tim.o(i.TIM_OC3FastConfig), (18 bytes).
    Removing stm32f10x_tim.o(i.TIM_OC3NPolarityConfig), (26 bytes).
    Removing stm32f10x_tim.o(i.TIM_OC3PolarityConfig), (26 bytes).
    Removing stm32f10x_tim.o(i.TIM_OC4FastConfig), (26 bytes).
    Removing stm32f10x_tim.o(i.TIM_OC4PolarityConfig), (26 bytes).
    Removing stm32f10x_tim.o(i.TIM_OCStructInit), (20 bytes).
    Removing stm32f10x_tim.o(i.TIM_PWMIConfig), (124 bytes).
    Removing stm32f10x_tim.o(i.TIM_PrescalerConfig), (6 bytes).
    Removing stm32f10x_tim.o(i.TIM_SelectCCDMA), (24 bytes).
    Removing stm32f10x_tim.o(i.TIM_SelectCOM), (24 bytes).
    Removing stm32f10x_tim.o(i.TIM_SelectHallSensor), (24 bytes).
    Removing stm32f10x_tim.o(i.TIM_SelectInputTrigger), (18 bytes).
    Removing stm32f10x_tim.o(i.TIM_SelectMasterSlaveMode), (18 bytes).
    Removing stm32f10x_tim.o(i.TIM_SelectOCxM), (82 bytes).
    Removing stm32f10x_tim.o(i.TIM_SelectOnePulseMode), (18 bytes).
    Removing stm32f10x_tim.o(i.TIM_SelectOutputTrigger), (18 bytes).
    Removing stm32f10x_tim.o(i.TIM_SelectSlaveMode), (18 bytes).
    Removing stm32f10x_tim.o(i.TIM_SetAutoreload), (4 bytes).
    Removing stm32f10x_tim.o(i.TIM_SetClockDivision), (18 bytes).
    Removing stm32f10x_tim.o(i.TIM_SetCompare1), (4 bytes).
    Removing stm32f10x_tim.o(i.TIM_SetCompare2), (4 bytes).
    Removing stm32f10x_tim.o(i.TIM_SetCompare3), (4 bytes).
    Removing stm32f10x_tim.o(i.TIM_SetCounter), (4 bytes).
    Removing stm32f10x_tim.o(i.TIM_SetIC1Prescaler), (18 bytes).
    Removing stm32f10x_tim.o(i.TIM_SetIC2Prescaler), (26 bytes).
    Removing stm32f10x_tim.o(i.TIM_SetIC3Prescaler), (18 bytes).
    Removing stm32f10x_tim.o(i.TIM_SetIC4Prescaler), (26 bytes).
    Removing stm32f10x_tim.o(i.TIM_TIxExternalClockConfig), (62 bytes).
    Removing stm32f10x_tim.o(i.TIM_TimeBaseStructInit), (18 bytes).
    Removing stm32f10x_tim.o(i.TIM_UpdateDisableConfig), (24 bytes).
    Removing stm32f10x_tim.o(i.TIM_UpdateRequestConfig), (24 bytes).
    Removing stm32f10x_usart.o(i.USART_ClearFlag), (18 bytes).
    Removing stm32f10x_usart.o(i.USART_ClearITPendingBit), (30 bytes).
    Removing stm32f10x_usart.o(i.USART_ClockInit), (34 bytes).
    Removing stm32f10x_usart.o(i.USART_ClockStructInit), (12 bytes).
    Removing stm32f10x_usart.o(i.USART_DMACmd), (18 bytes).
    Removing stm32f10x_usart.o(i.USART_GetFlagStatus), (26 bytes).
    Removing stm32f10x_usart.o(i.USART_HalfDuplexCmd), (24 bytes).
    Removing stm32f10x_usart.o(i.USART_IrDACmd), (24 bytes).
    Removing stm32f10x_usart.o(i.USART_IrDAConfig), (18 bytes).
    Removing stm32f10x_usart.o(i.USART_LINBreakDetectLengthConfig), (18 bytes).
    Removing stm32f10x_usart.o(i.USART_LINCmd), (24 bytes).
    Removing stm32f10x_usart.o(i.USART_OneBitMethodCmd), (24 bytes).
    Removing stm32f10x_usart.o(i.USART_OverSampling8Cmd), (22 bytes).
    Removing stm32f10x_usart.o(i.USART_ReceiverWakeUpCmd), (24 bytes).
    Removing stm32f10x_usart.o(i.USART_SendBreak), (10 bytes).
    Removing stm32f10x_usart.o(i.USART_SendData), (8 bytes).
    Removing stm32f10x_usart.o(i.USART_SetAddress), (18 bytes).
    Removing stm32f10x_usart.o(i.USART_SetGuardTime), (16 bytes).
    Removing stm32f10x_usart.o(i.USART_SetPrescaler), (16 bytes).
    Removing stm32f10x_usart.o(i.USART_SmartCardCmd), (24 bytes).
    Removing stm32f10x_usart.o(i.USART_SmartCardNACKCmd), (24 bytes).
    Removing stm32f10x_usart.o(i.USART_StructInit), (24 bytes).
    Removing stm32f10x_usart.o(i.USART_WakeUpConfig), (18 bytes).
    Removing stm32f10x_wwdg.o(i.WWDG_ClearFlag), (12 bytes).
    Removing stm32f10x_wwdg.o(i.WWDG_DeInit), (22 bytes).
    Removing stm32f10x_wwdg.o(i.WWDG_Enable), (16 bytes).
    Removing stm32f10x_wwdg.o(i.WWDG_EnableIT), (12 bytes).
    Removing stm32f10x_wwdg.o(i.WWDG_GetFlagStatus), (12 bytes).
    Removing stm32f10x_wwdg.o(i.WWDG_SetCounter), (16 bytes).
    Removing stm32f10x_wwdg.o(i.WWDG_SetPrescaler), (24 bytes).
    Removing stm32f10x_wwdg.o(i.WWDG_SetWindowValue), (40 bytes).
    Removing delay.o(i.Delay_ms), (24 bytes).
    Removing delay.o(i.Delay_s), (24 bytes).
    Removing delay.o(i.Delay_us), (46 bytes).
    Removing sys.o(.emb_text), (12 bytes).
    Removing sys.o(i.Ex_NVIC_Config), (160 bytes).
    Removing sys.o(i.JTAG_Set), (48 bytes).
    Removing sys.o(i.MYRCC_DeInit), (104 bytes).
    Removing sys.o(i.MY_NVIC_Init), (120 bytes).
    Removing sys.o(i.MY_NVIC_PriorityGroupConfig), (40 bytes).
    Removing sys.o(i.MY_NVIC_SetVectorTable), (20 bytes).
    Removing sys.o(i.Stm32_Clock_Init), (144 bytes).
    Removing sys.o(i.Sys_Soft_Reset), (16 bytes).
    Removing sys.o(i.Sys_Standby), (76 bytes).
    Removing usart.o(i.uart3_init), (164 bytes).
    Removing oled.o(i.OLED_Clear), (42 bytes).
    Removing oled.o(i.OLED_I2C_Init), (80 bytes).
    Removing oled.o(i.OLED_I2C_SendByte), (84 bytes).
    Removing oled.o(i.OLED_I2C_Start), (52 bytes).
    Removing oled.o(i.OLED_I2C_Stop), (40 bytes).
    Removing oled.o(i.OLED_Init), (174 bytes).
    Removing oled.o(i.OLED_Pow), (20 bytes).
    Removing oled.o(i.OLED_SetCursor), (34 bytes).
    Removing oled.o(i.OLED_ShowBinNum), (62 bytes).
    Removing oled.o(i.OLED_ShowChar), (116 bytes).
    Removing oled.o(i.OLED_ShowHexNum), (84 bytes).
    Removing oled.o(i.OLED_ShowNum), (68 bytes).
    Removing oled.o(i.OLED_ShowSignedNum), (102 bytes).
    Removing oled.o(i.OLED_ShowString), (40 bytes).
    Removing oled.o(i.OLED_WriteCommand), (32 bytes).
    Removing oled.o(i.OLED_WriteData), (32 bytes).
    Removing oled.o(.constdata), (1520 bytes).
    Removing tim1.o(i.Goback_origin), (128 bytes).
    Removing tim1.o(i.Rect_record), (160 bytes).
    Removing tim1.o(i.Scan_point), (908 bytes).
    Removing tim1.o(i.Step_drawrect), (704 bytes).
    Removing tim1.o(i.myStepmotor_control), (128 bytes).
    Removing tim1.o(i.myabsf), (24 bytes).

480 unused section(s) (total 22710 bytes) removed from the image.

==============================================================================

Image Symbol Table

    Local Symbols

    Symbol Name                              Value     Ov Type        Size  Object(Section)

    ../clib/angel/boardlib.s                 0x00000000   Number         0  boardinit1.o ABSOLUTE
    ../clib/angel/boardlib.s                 0x00000000   Number         0  boardinit3.o ABSOLUTE
    ../clib/angel/boardlib.s                 0x00000000   Number         0  boardshut.o ABSOLUTE
    ../clib/angel/boardlib.s                 0x00000000   Number         0  boardinit2.o ABSOLUTE
    ../clib/angel/handlers.s                 0x00000000   Number         0  __scatter_copy.o ABSOLUTE
    ../clib/angel/handlers.s                 0x00000000   Number         0  __scatter_zi.o ABSOLUTE
    ../clib/angel/kernel.s                   0x00000000   Number         0  rtexit.o ABSOLUTE
    ../clib/angel/kernel.s                   0x00000000   Number         0  rtexit2.o ABSOLUTE
    ../clib/angel/kernel.s                   0x00000000   Number         0  __rtentry4.o ABSOLUTE
    ../clib/angel/kernel.s                   0x00000000   Number         0  __rtentry2.o ABSOLUTE
    ../clib/angel/kernel.s                   0x00000000   Number         0  __rtentry.o ABSOLUTE
    ../clib/angel/rt.s                       0x00000000   Number         0  rt_locale.o ABSOLUTE
    ../clib/angel/rt.s                       0x00000000   Number         0  rt_locale_intlibspace.o ABSOLUTE
    ../clib/angel/rt.s                       0x00000000   Number         0  rt_raise.o ABSOLUTE
    ../clib/angel/scatter.s                  0x00000000   Number         0  __scatter.o ABSOLUTE
    ../clib/angel/startup.s                  0x00000000   Number         0  __main.o ABSOLUTE
    ../clib/angel/sys.s                      0x00000000   Number         0  libspace.o ABSOLUTE
    ../clib/angel/sys.s                      0x00000000   Number         0  sys_stackheap_outer.o ABSOLUTE
    ../clib/angel/sys.s                      0x00000000   Number         0  indicate_semi.o ABSOLUTE
    ../clib/angel/sys.s                      0x00000000   Number         0  use_no_semi.o ABSOLUTE
    ../clib/angel/sys.s                      0x00000000   Number         0  use_no_semi_2.o ABSOLUTE
    ../clib/angel/sysapp.c                   0x00000000   Number         0  sys_wrch.o ABSOLUTE
    ../clib/angel/sysapp.c                   0x00000000   Number         0  sys_command.o ABSOLUTE
    ../clib/armsys.c                         0x00000000   Number         0  no_argv.o ABSOLUTE
    ../clib/armsys.c                         0x00000000   Number         0  argv_veneer.o ABSOLUTE
    ../clib/armsys.c                         0x00000000   Number         0  argv_veneer.o ABSOLUTE
    ../clib/armsys.c                         0x00000000   Number         0  _get_argv_nomalloc.o ABSOLUTE
    ../clib/bigflt.c                         0x00000000   Number         0  bigflt0.o ABSOLUTE
    ../clib/btod.s                           0x00000000   Number         0  btod.o ABSOLUTE
    ../clib/heapalloc.c                      0x00000000   Number         0  hrguard.o ABSOLUTE
    ../clib/heapaux.c                        0x00000000   Number         0  heapauxi.o ABSOLUTE
    ../clib/libinit.s                        0x00000000   Number         0  libshutdown.o ABSOLUTE
    ../clib/libinit.s                        0x00000000   Number         0  libshutdown2.o ABSOLUTE
    ../clib/libinit.s                        0x00000000   Number         0  libinit.o ABSOLUTE
    ../clib/libinit.s                        0x00000000   Number         0  libinit2.o ABSOLUTE
    ../clib/locale.s                         0x00000000   Number         0  lc_numeric_c.o ABSOLUTE
    ../clib/longlong.s                       0x00000000   Number         0  lludiv10.o ABSOLUTE
    ../clib/memcpset.s                       0x00000000   Number         0  strcmpv7m.o ABSOLUTE
    ../clib/misc.s                           0x00000000   Number         0  printf_stubs.o ABSOLUTE
    ../clib/printf.c                         0x00000000   Number         0  __printf_flags_ss_wp.o ABSOLUTE
    ../clib/printf.c                         0x00000000   Number         0  __printf_ss_wp.o ABSOLUTE
    ../clib/printf.c                         0x00000000   Number         0  __printf_flags_wp.o ABSOLUTE
    ../clib/printf.c                         0x00000000   Number         0  __printf_wp.o ABSOLUTE
    ../clib/printf.c                         0x00000000   Number         0  noretval__2printf.o ABSOLUTE
    ../clib/printf.c                         0x00000000   Number         0  __printf_flags_ss.o ABSOLUTE
    ../clib/printf.c                         0x00000000   Number         0  __printf_ss.o ABSOLUTE
    ../clib/printf.c                         0x00000000   Number         0  _printf_fp_infnan.o ABSOLUTE
    ../clib/printf.c                         0x00000000   Number         0  _printf_char_common.o ABSOLUTE
    ../clib/printf.c                         0x00000000   Number         0  __printf_flags.o ABSOLUTE
    ../clib/printf.c                         0x00000000   Number         0  _printf_dec.o ABSOLUTE
    ../clib/printf.c                         0x00000000   Number         0  __2printf.o ABSOLUTE
    ../clib/printf.c                         0x00000000   Number         0  _printf_char_file.o ABSOLUTE
    ../clib/printf.c                         0x00000000   Number         0  _printf_fp_dec.o ABSOLUTE
    ../clib/printf.c                         0x00000000   Number         0  _printf_intcommon.o ABSOLUTE
    ../clib/printf.c                         0x00000000   Number         0  __printf_nopercent.o ABSOLUTE
    ../clib/printf.c                         0x00000000   Number         0  __printf.o ABSOLUTE
    ../clib/printf_percent.s                 0x00000000   Number         0  _printf_d.o ABSOLUTE
    ../clib/printf_percent.s                 0x00000000   Number         0  _printf_percent.o ABSOLUTE
    ../clib/printf_percent.s                 0x00000000   Number         0  _printf_f.o ABSOLUTE
    ../clib/printf_percent.s                 0x00000000   Number         0  _printf_percent_end.o ABSOLUTE
    ../clib/signal.c                         0x00000000   Number         0  defsig_pvfn_inner.o ABSOLUTE
    ../clib/signal.c                         0x00000000   Number         0  defsig_rtred_inner.o ABSOLUTE
    ../clib/signal.c                         0x00000000   Number         0  defsig_fpe_inner.o ABSOLUTE
    ../clib/signal.c                         0x00000000   Number         0  defsig_abrt_inner.o ABSOLUTE
    ../clib/signal.c                         0x00000000   Number         0  defsig_rtmem_formal.o ABSOLUTE
    ../clib/signal.c                         0x00000000   Number         0  defsig_general.o ABSOLUTE
    ../clib/signal.c                         0x00000000   Number         0  __raise.o ABSOLUTE
    ../clib/signal.c                         0x00000000   Number         0  defsig_stak_inner.o ABSOLUTE
    ../clib/signal.c                         0x00000000   Number         0  defsig_rtmem_inner.o ABSOLUTE
    ../clib/signal.c                         0x00000000   Number         0  defsig_exit.o ABSOLUTE
    ../clib/signal.c                         0x00000000   Number         0  defsig_other.o ABSOLUTE
    ../clib/signal.c                         0x00000000   Number         0  defsig_segv_inner.o ABSOLUTE
    ../clib/signal.c                         0x00000000   Number         0  defsig_cppl_inner.o ABSOLUTE
    ../clib/signal.c                         0x00000000   Number         0  defsig_rtmem_outer.o ABSOLUTE
    ../clib/signal.s                         0x00000000   Number         0  defsig.o ABSOLUTE
    ../clib/stdio.c                          0x00000000   Number         0  ferror_locked.o ABSOLUTE
    ../clib/stdio.c                          0x00000000   Number         0  ferror.o ABSOLUTE
    ../clib/stdlib.c                         0x00000000   Number         0  exit.o ABSOLUTE
    ../fplib/dretinf.s                       0x00000000   Number         0  dretinf.o ABSOLUTE
    ../fplib/f2d.s                           0x00000000   Number         0  f2d.o ABSOLUTE
    ../fplib/faddsub.s                       0x00000000   Number         0  faddsub_clz.o ABSOLUTE
    ../fplib/fcmpi.s                         0x00000000   Number         0  fcmpi.o ABSOLUTE
    ../fplib/fdiv.s                          0x00000000   Number         0  fdiv.o ABSOLUTE
    ../fplib/ffix.s                          0x00000000   Number         0  ffix.o ABSOLUTE
    ../fplib/fflt.s                          0x00000000   Number         0  fflt_clz.o ABSOLUTE
    ../fplib/fleqf.s                         0x00000000   Number         0  fleqf.o ABSOLUTE
    ../fplib/fmul.s                          0x00000000   Number         0  fmul.o ABSOLUTE
    ../fplib/fnaninf.s                       0x00000000   Number         0  fnaninf.o ABSOLUTE
    ../fplib/fpinit.s                        0x00000000   Number         0  fpinit.o ABSOLUTE
    ../fplib/fretinf.s                       0x00000000   Number         0  fretinf.o ABSOLUTE
    ../fplib/frleqf.s                        0x00000000   Number         0  frleqf.o ABSOLUTE
    ../fplib/istatus.s                       0x00000000   Number         0  istatus.o ABSOLUTE
    ../fplib/printf1.s                       0x00000000   Number         0  printf1.o ABSOLUTE
    ../fplib/usenofp.s                       0x00000000   Number         0  usenofp.o ABSOLUTE
    ../mathlib/fpclassify.c                  0x00000000   Number         0  fpclassify.o ABSOLUTE
    Hardware\OLED.c                          0x00000000   Number         0  oled.o ABSOLUTE
    Hardware\TIM1.c                          0x00000000   Number         0  tim1.o ABSOLUTE
    Hardware\TIM2.c                          0x00000000   Number         0  tim2.o ABSOLUTE
    Hardware\TIM3.c                          0x00000000   Number         0  tim3.o ABSOLUTE
    Hardware\usart.c                         0x00000000   Number         0  usart.o ABSOLUTE
    Library\misc.c                           0x00000000   Number         0  misc.o ABSOLUTE
    Library\stm32f10x_adc.c                  0x00000000   Number         0  stm32f10x_adc.o ABSOLUTE
    Library\stm32f10x_bkp.c                  0x00000000   Number         0  stm32f10x_bkp.o ABSOLUTE
    Library\stm32f10x_can.c                  0x00000000   Number         0  stm32f10x_can.o ABSOLUTE
    Library\stm32f10x_cec.c                  0x00000000   Number         0  stm32f10x_cec.o ABSOLUTE
    Library\stm32f10x_crc.c                  0x00000000   Number         0  stm32f10x_crc.o ABSOLUTE
    Library\stm32f10x_dac.c                  0x00000000   Number         0  stm32f10x_dac.o ABSOLUTE
    Library\stm32f10x_dbgmcu.c               0x00000000   Number         0  stm32f10x_dbgmcu.o ABSOLUTE
    Library\stm32f10x_dma.c                  0x00000000   Number         0  stm32f10x_dma.o ABSOLUTE
    Library\stm32f10x_exti.c                 0x00000000   Number         0  stm32f10x_exti.o ABSOLUTE
    Library\stm32f10x_flash.c                0x00000000   Number         0  stm32f10x_flash.o ABSOLUTE
    Library\stm32f10x_fsmc.c                 0x00000000   Number         0  stm32f10x_fsmc.o ABSOLUTE
    Library\stm32f10x_gpio.c                 0x00000000   Number         0  stm32f10x_gpio.o ABSOLUTE
    Library\stm32f10x_i2c.c                  0x00000000   Number         0  stm32f10x_i2c.o ABSOLUTE
    Library\stm32f10x_iwdg.c                 0x00000000   Number         0  stm32f10x_iwdg.o ABSOLUTE
    Library\stm32f10x_pwr.c                  0x00000000   Number         0  stm32f10x_pwr.o ABSOLUTE
    Library\stm32f10x_rcc.c                  0x00000000   Number         0  stm32f10x_rcc.o ABSOLUTE
    Library\stm32f10x_rtc.c                  0x00000000   Number         0  stm32f10x_rtc.o ABSOLUTE
    Library\stm32f10x_sdio.c                 0x00000000   Number         0  stm32f10x_sdio.o ABSOLUTE
    Library\stm32f10x_spi.c                  0x00000000   Number         0  stm32f10x_spi.o ABSOLUTE
    Library\stm32f10x_tim.c                  0x00000000   Number         0  stm32f10x_tim.o ABSOLUTE
    Library\stm32f10x_usart.c                0x00000000   Number         0  stm32f10x_usart.o ABSOLUTE
    Library\stm32f10x_wwdg.c                 0x00000000   Number         0  stm32f10x_wwdg.o ABSOLUTE
    Start\\core_cm3.c                        0x00000000   Number         0  core_cm3.o ABSOLUTE
    Start\core_cm3.c                         0x00000000   Number         0  core_cm3.o ABSOLUTE
    Start\startup_stm32f10x_md.s             0x00000000   Number         0  startup_stm32f10x_md.o ABSOLUTE
    Start\system_stm32f10x.c                 0x00000000   Number         0  system_stm32f10x.o ABSOLUTE
    System\Delay.c                           0x00000000   Number         0  delay.o ABSOLUTE
    System\\sys.c                            0x00000000   Number         0  sys.o ABSOLUTE
    System\sys.c                             0x00000000   Number         0  sys.o ABSOLUTE
    User\main.c                              0x00000000   Number         0  main.o ABSOLUTE
    User\stm32f10x_it.c                      0x00000000   Number         0  stm32f10x_it.o ABSOLUTE
    dc.s                                     0x00000000   Number         0  dc.o ABSOLUTE
    RESET                                    0x08000000   Section      236  startup_stm32f10x_md.o(RESET)
    !!!main                                  0x080000ec   Section        8  __main.o(!!!main)
    !!!scatter                               0x080000f4   Section       52  __scatter.o(!!!scatter)
    !!handler_copy                           0x08000128   Section       26  __scatter_copy.o(!!handler_copy)
    !!handler_zi                             0x08000144   Section       28  __scatter_zi.o(!!handler_zi)
    .ARM.Collect$$_printf_percent$$00000000  0x08000160   Section        0  _printf_percent.o(.ARM.Collect$$_printf_percent$$00000000)
    .ARM.Collect$$_printf_percent$$00000009  0x08000160   Section        6  _printf_d.o(.ARM.Collect$$_printf_percent$$00000009)
    .ARM.Collect$$_printf_percent$$00000017  0x08000166   Section        4  _printf_percent_end.o(.ARM.Collect$$_printf_percent$$00000017)
    .ARM.Collect$$libinit$$00000000          0x0800016a   Section        2  libinit.o(.ARM.Collect$$libinit$$00000000)
    .ARM.Collect$$libinit$$00000002          0x0800016c   Section        0  libinit2.o(.ARM.Collect$$libinit$$00000002)
    .ARM.Collect$$libinit$$00000004          0x0800016c   Section        0  libinit2.o(.ARM.Collect$$libinit$$00000004)
    .ARM.Collect$$libinit$$0000000A          0x0800016c   Section        0  libinit2.o(.ARM.Collect$$libinit$$0000000A)
    .ARM.Collect$$libinit$$0000000C          0x0800016c   Section        0  libinit2.o(.ARM.Collect$$libinit$$0000000C)
    .ARM.Collect$$libinit$$0000000E          0x0800016c   Section        0  libinit2.o(.ARM.Collect$$libinit$$0000000E)
    .ARM.Collect$$libinit$$00000011          0x0800016c   Section        0  libinit2.o(.ARM.Collect$$libinit$$00000011)
    .ARM.Collect$$libinit$$00000013          0x0800016c   Section        0  libinit2.o(.ARM.Collect$$libinit$$00000013)
    .ARM.Collect$$libinit$$00000015          0x0800016c   Section        0  libinit2.o(.ARM.Collect$$libinit$$00000015)
    .ARM.Collect$$libinit$$00000017          0x0800016c   Section        0  libinit2.o(.ARM.Collect$$libinit$$00000017)
    .ARM.Collect$$libinit$$00000019          0x0800016c   Section        0  libinit2.o(.ARM.Collect$$libinit$$00000019)
    .ARM.Collect$$libinit$$0000001B          0x0800016c   Section        0  libinit2.o(.ARM.Collect$$libinit$$0000001B)
    .ARM.Collect$$libinit$$0000001D          0x0800016c   Section        0  libinit2.o(.ARM.Collect$$libinit$$0000001D)
    .ARM.Collect$$libinit$$0000001F          0x0800016c   Section        0  libinit2.o(.ARM.Collect$$libinit$$0000001F)
    .ARM.Collect$$libinit$$00000021          0x0800016c   Section        0  libinit2.o(.ARM.Collect$$libinit$$00000021)
    .ARM.Collect$$libinit$$00000023          0x0800016c   Section        0  libinit2.o(.ARM.Collect$$libinit$$00000023)
    .ARM.Collect$$libinit$$00000025          0x0800016c   Section        0  libinit2.o(.ARM.Collect$$libinit$$00000025)
    .ARM.Collect$$libinit$$0000002C          0x0800016c   Section        0  libinit2.o(.ARM.Collect$$libinit$$0000002C)
    .ARM.Collect$$libinit$$0000002E          0x0800016c   Section        0  libinit2.o(.ARM.Collect$$libinit$$0000002E)
    .ARM.Collect$$libinit$$00000030          0x0800016c   Section        0  libinit2.o(.ARM.Collect$$libinit$$00000030)
    .ARM.Collect$$libinit$$00000032          0x0800016c   Section        0  libinit2.o(.ARM.Collect$$libinit$$00000032)
    .ARM.Collect$$libinit$$00000033          0x0800016c   Section        2  libinit2.o(.ARM.Collect$$libinit$$00000033)
    .ARM.Collect$$libshutdown$$00000000      0x0800016e   Section        2  libshutdown.o(.ARM.Collect$$libshutdown$$00000000)
    .ARM.Collect$$libshutdown$$00000002      0x08000170   Section        0  libshutdown2.o(.ARM.Collect$$libshutdown$$00000002)
    .ARM.Collect$$libshutdown$$00000004      0x08000170   Section        0  libshutdown2.o(.ARM.Collect$$libshutdown$$00000004)
    .ARM.Collect$$libshutdown$$00000007      0x08000170   Section        0  libshutdown2.o(.ARM.Collect$$libshutdown$$00000007)
    .ARM.Collect$$libshutdown$$0000000A      0x08000170   Section        0  libshutdown2.o(.ARM.Collect$$libshutdown$$0000000A)
    .ARM.Collect$$libshutdown$$0000000C      0x08000170   Section        0  libshutdown2.o(.ARM.Collect$$libshutdown$$0000000C)
    .ARM.Collect$$libshutdown$$0000000F      0x08000170   Section        0  libshutdown2.o(.ARM.Collect$$libshutdown$$0000000F)
    .ARM.Collect$$libshutdown$$00000010      0x08000170   Section        2  libshutdown2.o(.ARM.Collect$$libshutdown$$00000010)
    .ARM.Collect$$rtentry$$00000000          0x08000172   Section        0  __rtentry.o(.ARM.Collect$$rtentry$$00000000)
    .ARM.Collect$$rtentry$$00000002          0x08000172   Section        0  __rtentry2.o(.ARM.Collect$$rtentry$$00000002)
    .ARM.Collect$$rtentry$$00000004          0x08000172   Section        6  __rtentry4.o(.ARM.Collect$$rtentry$$00000004)
    .ARM.Collect$$rtentry$$00000009          0x08000178   Section        0  __rtentry2.o(.ARM.Collect$$rtentry$$00000009)
    .ARM.Collect$$rtentry$$0000000A          0x08000178   Section        4  __rtentry2.o(.ARM.Collect$$rtentry$$0000000A)
    .ARM.Collect$$rtentry$$0000000C          0x0800017c   Section        0  __rtentry2.o(.ARM.Collect$$rtentry$$0000000C)
    .ARM.Collect$$rtentry$$0000000D          0x0800017c   Section        8  __rtentry2.o(.ARM.Collect$$rtentry$$0000000D)
    .ARM.Collect$$rtexit$$00000000           0x08000184   Section        2  rtexit.o(.ARM.Collect$$rtexit$$00000000)
    .ARM.Collect$$rtexit$$00000002           0x08000186   Section        0  rtexit2.o(.ARM.Collect$$rtexit$$00000002)
    .ARM.Collect$$rtexit$$00000003           0x08000186   Section        4  rtexit2.o(.ARM.Collect$$rtexit$$00000003)
    .ARM.Collect$$rtexit$$00000004           0x0800018a   Section        6  rtexit2.o(.ARM.Collect$$rtexit$$00000004)
    .text                                    0x08000190   Section       64  startup_stm32f10x_md.o(.text)
    .text                                    0x080001d0   Section        2  use_no_semi_2.o(.text)
    .text                                    0x080001d4   Section        0  noretval__2printf.o(.text)
    .text                                    0x080001ec   Section        0  _printf_dec.o(.text)
    .text                                    0x08000264   Section        0  __printf_wp.o(.text)
    .text                                    0x08000372   Section        0  heapauxi.o(.text)
    .text                                    0x08000378   Section        2  use_no_semi.o(.text)
    .text                                    0x0800037a   Section        0  _printf_intcommon.o(.text)
    .text                                    0x0800042c   Section        0  _printf_char_file.o(.text)
    .text                                    0x08000450   Section        0  _printf_char_common.o(.text)
    _printf_input_char                       0x08000451   Thumb Code    10  _printf_char_common.o(.text)
    .text                                    0x08000480   Section        0  ferror.o(.text)
    .text                                    0x08000488   Section        8  libspace.o(.text)
    .text                                    0x08000490   Section       74  sys_stackheap_outer.o(.text)
    .text                                    0x080004da   Section        0  exit.o(.text)
    i.BusFault_Handler                       0x080004ec   Section        0  stm32f10x_it.o(i.BusFault_Handler)
    i.DebugMon_Handler                       0x080004f0   Section        0  stm32f10x_it.o(i.DebugMon_Handler)
    i.Fox_Pid_Position                       0x080004f2   Section        0  tim1.o(i.Fox_Pid_Position)
    i.GPIO_Init                              0x0800059c   Section        0  stm32f10x_gpio.o(i.GPIO_Init)
    i.GPIO_ReadInputDataBit                  0x080006b2   Section        0  stm32f10x_gpio.o(i.GPIO_ReadInputDataBit)
    i.GPIO_ResetBits                         0x080006c4   Section        0  stm32f10x_gpio.o(i.GPIO_ResetBits)
    i.GPIO_SetBits                           0x080006c8   Section        0  stm32f10x_gpio.o(i.GPIO_SetBits)
    i.HardFault_Handler                      0x080006cc   Section        0  stm32f10x_it.o(i.HardFault_Handler)
    i.Key_Init                               0x080006d0   Section        0  main.o(i.Key_Init)
    i.Key_set                                0x080006fc   Section        0  tim1.o(i.Key_set)
    i.MemManage_Handler                      0x0800079c   Section        0  stm32f10x_it.o(i.MemManage_Handler)
    i.NMI_Handler                            0x080007a0   Section        0  stm32f10x_it.o(i.NMI_Handler)
    i.NVIC_Init                              0x080007a4   Section        0  misc.o(i.NVIC_Init)
    i.PendSV_Handler                         0x08000814   Section        0  stm32f10x_it.o(i.PendSV_Handler)
    i.Pid_init                               0x08000818   Section        0  tim1.o(i.Pid_init)
    i.RCC_APB1PeriphClockCmd                 0x08000868   Section        0  stm32f10x_rcc.o(i.RCC_APB1PeriphClockCmd)
    i.RCC_APB1PeriphResetCmd                 0x08000888   Section        0  stm32f10x_rcc.o(i.RCC_APB1PeriphResetCmd)
    i.RCC_APB2PeriphClockCmd                 0x080008a8   Section        0  stm32f10x_rcc.o(i.RCC_APB2PeriphClockCmd)
    i.RCC_APB2PeriphResetCmd                 0x080008c8   Section        0  stm32f10x_rcc.o(i.RCC_APB2PeriphResetCmd)
    i.RCC_GetClocksFreq                      0x080008e8   Section        0  stm32f10x_rcc.o(i.RCC_GetClocksFreq)
    i.SVC_Handler                            0x080009bc   Section        0  stm32f10x_it.o(i.SVC_Handler)
    i.SetSysClock                            0x080009be   Section        0  system_stm32f10x.o(i.SetSysClock)
    SetSysClock                              0x080009bf   Thumb Code     8  system_stm32f10x.o(i.SetSysClock)
    i.SetSysClockTo72                        0x080009c8   Section        0  system_stm32f10x.o(i.SetSysClockTo72)
    SetSysClockTo72                          0x080009c9   Thumb Code   214  system_stm32f10x.o(i.SetSysClockTo72)
    i.Stepmotor_control                      0x08000aa8   Section        0  tim1.o(i.Stepmotor_control)
    i.SysTick_Handler                        0x08000b68   Section        0  stm32f10x_it.o(i.SysTick_Handler)
    i.SystemInit                             0x08000b6c   Section        0  system_stm32f10x.o(i.SystemInit)
    i.TIM1_Init                              0x08000bcc   Section        0  tim1.o(i.TIM1_Init)
    i.TIM1_UP_IRQHandler                     0x08000c28   Section        0  tim1.o(i.TIM1_UP_IRQHandler)
    i.TIM2_PWM_Init                          0x08000db8   Section        0  tim2.o(i.TIM2_PWM_Init)
    i.TIM3_PWM_Init                          0x08000e88   Section        0  tim3.o(i.TIM3_PWM_Init)
    i.TIM_ARRPreloadConfig                   0x08000f70   Section        0  stm32f10x_tim.o(i.TIM_ARRPreloadConfig)
    i.TIM_ClearITPendingBit                  0x08000f88   Section        0  stm32f10x_tim.o(i.TIM_ClearITPendingBit)
    i.TIM_Cmd                                0x08000f8e   Section        0  stm32f10x_tim.o(i.TIM_Cmd)
    i.TIM_CtrlPWMOutputs                     0x08000fa6   Section        0  stm32f10x_tim.o(i.TIM_CtrlPWMOutputs)
    i.TIM_GetITStatus                        0x08000fc4   Section        0  stm32f10x_tim.o(i.TIM_GetITStatus)
    i.TIM_ITConfig                           0x08000fe6   Section        0  stm32f10x_tim.o(i.TIM_ITConfig)
    i.TIM_OC1Init                            0x08000ff8   Section        0  stm32f10x_tim.o(i.TIM_OC1Init)
    i.TIM_OC1PreloadConfig                   0x08001090   Section        0  stm32f10x_tim.o(i.TIM_OC1PreloadConfig)
    i.TIM_OC2Init                            0x080010a4   Section        0  stm32f10x_tim.o(i.TIM_OC2Init)
    i.TIM_OC2PreloadConfig                   0x08001148   Section        0  stm32f10x_tim.o(i.TIM_OC2PreloadConfig)
    i.TIM_OC3Init                            0x08001164   Section        0  stm32f10x_tim.o(i.TIM_OC3Init)
    i.TIM_OC3PreloadConfig                   0x08001204   Section        0  stm32f10x_tim.o(i.TIM_OC3PreloadConfig)
    i.TIM_OC4Init                            0x08001218   Section        0  stm32f10x_tim.o(i.TIM_OC4Init)
    i.TIM_OC4PreloadConfig                   0x08001294   Section        0  stm32f10x_tim.o(i.TIM_OC4PreloadConfig)
    i.TIM_SetCompare4                        0x080012ae   Section        0  stm32f10x_tim.o(i.TIM_SetCompare4)
    i.TIM_TimeBaseInit                       0x080012b4   Section        0  stm32f10x_tim.o(i.TIM_TimeBaseInit)
    i.USART1_IRQHandler                      0x08001358   Section        0  usart.o(i.USART1_IRQHandler)
    i.USART1_Init                            0x080013ec   Section        0  usart.o(i.USART1_Init)
    i.USART_Cmd                              0x08001490   Section        0  stm32f10x_usart.o(i.USART_Cmd)
    i.USART_DeInit                           0x080014a8   Section        0  stm32f10x_usart.o(i.USART_DeInit)
    i.USART_GetITStatus                      0x08001544   Section        0  stm32f10x_usart.o(i.USART_GetITStatus)
    i.USART_ITConfig                         0x08001598   Section        0  stm32f10x_usart.o(i.USART_ITConfig)
    i.USART_Init                             0x080015e4   Section        0  stm32f10x_usart.o(i.USART_Init)
    i.USART_ReceiveData                      0x080016bc   Section        0  stm32f10x_usart.o(i.USART_ReceiveData)
    i.UsageFault_Handler                     0x080016c6   Section        0  stm32f10x_it.o(i.UsageFault_Handler)
    i._is_digit                              0x080016ca   Section        0  __printf_wp.o(i._is_digit)
    i._sys_exit                              0x080016d8   Section        0  usart.o(i._sys_exit)
    i.fputc                                  0x080016dc   Section        0  usart.o(i.fputc)
    i.keyscan                                0x080016f8   Section        0  tim1.o(i.keyscan)
    i.main                                   0x08001954   Section        0  main.o(i.main)
    i.myGPIO_Init                            0x080019b8   Section        0  main.o(i.myGPIO_Init)
    i.myabs                                  0x08001a38   Section        0  tim1.o(i.myabs)
    x$fpl$fadd                               0x08001a48   Section      196  faddsub_clz.o(x$fpl$fadd)
    _fadd1                                   0x08001a57   Thumb Code     0  faddsub_clz.o(x$fpl$fadd)
    x$fpl$fcmpinf                            0x08001b0c   Section       24  fcmpi.o(x$fpl$fcmpinf)
    x$fpl$ffix                               0x08001b24   Section       54  ffix.o(x$fpl$ffix)
    x$fpl$fflt                               0x08001b5c   Section       48  fflt_clz.o(x$fpl$fflt)
    x$fpl$fleqf                              0x08001b8c   Section      104  fleqf.o(x$fpl$fleqf)
    x$fpl$fmul                               0x08001bf4   Section      258  fmul.o(x$fpl$fmul)
    x$fpl$fnaninf                            0x08001cf6   Section      140  fnaninf.o(x$fpl$fnaninf)
    x$fpl$fretinf                            0x08001d82   Section       10  fretinf.o(x$fpl$fretinf)
    x$fpl$frleqf                             0x08001d8c   Section       98  frleqf.o(x$fpl$frleqf)
    x$fpl$fsub                               0x08001df0   Section      234  faddsub_clz.o(x$fpl$fsub)
    _fsub1                                   0x08001dff   Thumb Code     0  faddsub_clz.o(x$fpl$fsub)
    x$fpl$usenofp                            0x08001eda   Section        0  usenofp.o(x$fpl$usenofp)
    .data                                    0x20000000   Section       20  stm32f10x_rcc.o(.data)
    APBAHBPrescTable                         0x20000000   Data          16  stm32f10x_rcc.o(.data)
    ADCPrescTable                            0x20000010   Data           4  stm32f10x_rcc.o(.data)
    .data                                    0x20000014   Section       10  usart.o(.data)
    rx                                       0x2000001c   Data           1  usart.o(.data)
    Rx_state                                 0x2000001d   Data           1  usart.o(.data)
    .data                                    0x20000020   Section      179  tim1.o(.data)
    Flag_countx                              0x200000d0   Data           1  tim1.o(.data)
    Flag_county                              0x200000d1   Data           1  tim1.o(.data)
    Flag_choose                              0x200000d2   Data           1  tim1.o(.data)
    .bss                                     0x200000d4   Section     1304  tim1.o(.bss)
    .bss                                     0x200005ec   Section       96  libspace.o(.bss)
    HEAP                                     0x20000650   Section      512  startup_stm32f10x_md.o(HEAP)
    Heap_Mem                                 0x20000650   Data         512  startup_stm32f10x_md.o(HEAP)
    STACK                                    0x20000850   Section     1024  startup_stm32f10x_md.o(STACK)
    Stack_Mem                                0x20000850   Data        1024  startup_stm32f10x_md.o(STACK)
    __initial_sp                             0x20000c50   Data           0  startup_stm32f10x_md.o(STACK)

    Global Symbols

    Symbol Name                              Value     Ov Type        Size  Object(Section)

    BuildAttributes$$THM_ISAv4$P$D$K$B$S$PE$A:L22UL41UL21$X:L11$S22US41US21$IEEE1$IW$USESV6$~STKCKD$USESV7$~SHL$OTIME$ROPI$IEEEJ$EBA8$UX$STANDARDLIB$REQ8$PRES8$EABIv2 0x00000000   Number         0  anon$$obj.o ABSOLUTE
    __ARM_use_no_argv                        0x00000000   Number         0  main.o ABSOLUTE
    _printf_flags                            0x00000000   Number         0  printf_stubs.o ABSOLUTE
    _printf_return_value                     0x00000000   Number         0  printf_stubs.o ABSOLUTE
    _printf_sizespec                         0x00000000   Number         0  printf_stubs.o ABSOLUTE
    _printf_widthprec                        0x00000000   Number         0  printf_stubs.o ABSOLUTE
    __ARM_exceptions_init                     - Undefined Weak Reference
    __alloca_initialize                       - Undefined Weak Reference
    __arm_preinit_                            - Undefined Weak Reference
    __cpp_initialize__aeabi_                  - Undefined Weak Reference
    __cxa_finalize                            - Undefined Weak Reference
    __sigvec_lookup                           - Undefined Weak Reference
    _atexit_init                              - Undefined Weak Reference
    _call_atexit_fns                          - Undefined Weak Reference
    _clock_init                               - Undefined Weak Reference
    _fp_trap_init                             - Undefined Weak Reference
    _fp_trap_shutdown                         - Undefined Weak Reference
    _get_lc_collate                           - Undefined Weak Reference
    _get_lc_ctype                             - Undefined Weak Reference
    _get_lc_monetary                          - Undefined Weak Reference
    _get_lc_time                              - Undefined Weak Reference
    _getenv_init                              - Undefined Weak Reference
    _handle_redirection                       - Undefined Weak Reference
    _init_alloc                               - Undefined Weak Reference
    _init_user_alloc                          - Undefined Weak Reference
    _initio                                   - Undefined Weak Reference
    _mutex_acquire                            - Undefined Weak Reference
    _mutex_release                            - Undefined Weak Reference
    _printf_post_padding                      - Undefined Weak Reference
    _printf_pre_padding                       - Undefined Weak Reference
    _printf_truncate_signed                   - Undefined Weak Reference
    _printf_truncate_unsigned                 - Undefined Weak Reference
    _rand_init                                - Undefined Weak Reference
    _signal_finish                            - Undefined Weak Reference
    _signal_init                              - Undefined Weak Reference
    _terminate_alloc                          - Undefined Weak Reference
    _terminate_user_alloc                     - Undefined Weak Reference
    _terminateio                              - Undefined Weak Reference
    __Vectors_Size                           0x000000ec   Number         0  startup_stm32f10x_md.o ABSOLUTE
    __Vectors                                0x08000000   Data           4  startup_stm32f10x_md.o(RESET)
    __Vectors_End                            0x080000ec   Data           0  startup_stm32f10x_md.o(RESET)
    __main                                   0x080000ed   Thumb Code     8  __main.o(!!!main)
    __scatterload                            0x080000f5   Thumb Code     0  __scatter.o(!!!scatter)
    __scatterload_rt2                        0x080000f5   Thumb Code    44  __scatter.o(!!!scatter)
    __scatterload_rt2_thumb_only             0x080000f5   Thumb Code     0  __scatter.o(!!!scatter)
    __scatterload_null                       0x08000103   Thumb Code     0  __scatter.o(!!!scatter)
    __scatterload_copy                       0x08000129   Thumb Code    26  __scatter_copy.o(!!handler_copy)
    __scatterload_zeroinit                   0x08000145   Thumb Code    28  __scatter_zi.o(!!handler_zi)
    _printf_d                                0x08000161   Thumb Code     0  _printf_d.o(.ARM.Collect$$_printf_percent$$00000009)
    _printf_percent                          0x08000161   Thumb Code     0  _printf_percent.o(.ARM.Collect$$_printf_percent$$00000000)
    _printf_percent_end                      0x08000167   Thumb Code     0  _printf_percent_end.o(.ARM.Collect$$_printf_percent$$00000017)
    __rt_lib_init                            0x0800016b   Thumb Code     0  libinit.o(.ARM.Collect$$libinit$$00000000)
    __rt_lib_init_alloca_1                   0x0800016d   Thumb Code     0  libinit2.o(.ARM.Collect$$libinit$$0000002E)
    __rt_lib_init_argv_1                     0x0800016d   Thumb Code     0  libinit2.o(.ARM.Collect$$libinit$$0000002C)
    __rt_lib_init_atexit_1                   0x0800016d   Thumb Code     0  libinit2.o(.ARM.Collect$$libinit$$0000001B)
    __rt_lib_init_clock_1                    0x0800016d   Thumb Code     0  libinit2.o(.ARM.Collect$$libinit$$00000021)
    __rt_lib_init_cpp_1                      0x0800016d   Thumb Code     0  libinit2.o(.ARM.Collect$$libinit$$00000032)
    __rt_lib_init_exceptions_1               0x0800016d   Thumb Code     0  libinit2.o(.ARM.Collect$$libinit$$00000030)
    __rt_lib_init_fp_1                       0x0800016d   Thumb Code     0  libinit2.o(.ARM.Collect$$libinit$$00000002)
    __rt_lib_init_fp_trap_1                  0x0800016d   Thumb Code     0  libinit2.o(.ARM.Collect$$libinit$$0000001F)
    __rt_lib_init_getenv_1                   0x0800016d   Thumb Code     0  libinit2.o(.ARM.Collect$$libinit$$00000023)
    __rt_lib_init_heap_1                     0x0800016d   Thumb Code     0  libinit2.o(.ARM.Collect$$libinit$$0000000A)
    __rt_lib_init_lc_collate_1               0x0800016d   Thumb Code     0  libinit2.o(.ARM.Collect$$libinit$$00000011)
    __rt_lib_init_lc_ctype_1                 0x0800016d   Thumb Code     0  libinit2.o(.ARM.Collect$$libinit$$00000013)
    __rt_lib_init_lc_monetary_1              0x0800016d   Thumb Code     0  libinit2.o(.ARM.Collect$$libinit$$00000015)
    __rt_lib_init_lc_numeric_1               0x0800016d   Thumb Code     0  libinit2.o(.ARM.Collect$$libinit$$00000017)
    __rt_lib_init_lc_time_1                  0x0800016d   Thumb Code     0  libinit2.o(.ARM.Collect$$libinit$$00000019)
    __rt_lib_init_preinit_1                  0x0800016d   Thumb Code     0  libinit2.o(.ARM.Collect$$libinit$$00000004)
    __rt_lib_init_rand_1                     0x0800016d   Thumb Code     0  libinit2.o(.ARM.Collect$$libinit$$0000000E)
    __rt_lib_init_return                     0x0800016d   Thumb Code     0  libinit2.o(.ARM.Collect$$libinit$$00000033)
    __rt_lib_init_signal_1                   0x0800016d   Thumb Code     0  libinit2.o(.ARM.Collect$$libinit$$0000001D)
    __rt_lib_init_stdio_1                    0x0800016d   Thumb Code     0  libinit2.o(.ARM.Collect$$libinit$$00000025)
    __rt_lib_init_user_alloc_1               0x0800016d   Thumb Code     0  libinit2.o(.ARM.Collect$$libinit$$0000000C)
    __rt_lib_shutdown                        0x0800016f   Thumb Code     0  libshutdown.o(.ARM.Collect$$libshutdown$$00000000)
    __rt_lib_shutdown_cpp_1                  0x08000171   Thumb Code     0  libshutdown2.o(.ARM.Collect$$libshutdown$$00000002)
    __rt_lib_shutdown_fp_trap_1              0x08000171   Thumb Code     0  libshutdown2.o(.ARM.Collect$$libshutdown$$00000007)
    __rt_lib_shutdown_heap_1                 0x08000171   Thumb Code     0  libshutdown2.o(.ARM.Collect$$libshutdown$$0000000F)
    __rt_lib_shutdown_return                 0x08000171   Thumb Code     0  libshutdown2.o(.ARM.Collect$$libshutdown$$00000010)
    __rt_lib_shutdown_signal_1               0x08000171   Thumb Code     0  libshutdown2.o(.ARM.Collect$$libshutdown$$0000000A)
    __rt_lib_shutdown_stdio_1                0x08000171   Thumb Code     0  libshutdown2.o(.ARM.Collect$$libshutdown$$00000004)
    __rt_lib_shutdown_user_alloc_1           0x08000171   Thumb Code     0  libshutdown2.o(.ARM.Collect$$libshutdown$$0000000C)
    __rt_entry                               0x08000173   Thumb Code     0  __rtentry.o(.ARM.Collect$$rtentry$$00000000)
    __rt_entry_presh_1                       0x08000173   Thumb Code     0  __rtentry2.o(.ARM.Collect$$rtentry$$00000002)
    __rt_entry_sh                            0x08000173   Thumb Code     0  __rtentry4.o(.ARM.Collect$$rtentry$$00000004)
    __rt_entry_li                            0x08000179   Thumb Code     0  __rtentry2.o(.ARM.Collect$$rtentry$$0000000A)
    __rt_entry_postsh_1                      0x08000179   Thumb Code     0  __rtentry2.o(.ARM.Collect$$rtentry$$00000009)
    __rt_entry_main                          0x0800017d   Thumb Code     0  __rtentry2.o(.ARM.Collect$$rtentry$$0000000D)
    __rt_entry_postli_1                      0x0800017d   Thumb Code     0  __rtentry2.o(.ARM.Collect$$rtentry$$0000000C)
    __rt_exit                                0x08000185   Thumb Code     0  rtexit.o(.ARM.Collect$$rtexit$$00000000)
    __rt_exit_ls                             0x08000187   Thumb Code     0  rtexit2.o(.ARM.Collect$$rtexit$$00000003)
    __rt_exit_prels_1                        0x08000187   Thumb Code     0  rtexit2.o(.ARM.Collect$$rtexit$$00000002)
    __rt_exit_exit                           0x0800018b   Thumb Code     0  rtexit2.o(.ARM.Collect$$rtexit$$00000004)
    Reset_Handler                            0x08000191   Thumb Code     8  startup_stm32f10x_md.o(.text)
    ADC1_2_IRQHandler                        0x080001ab   Thumb Code     0  startup_stm32f10x_md.o(.text)
    CAN1_RX1_IRQHandler                      0x080001ab   Thumb Code     0  startup_stm32f10x_md.o(.text)
    CAN1_SCE_IRQHandler                      0x080001ab   Thumb Code     0  startup_stm32f10x_md.o(.text)
    DMA1_Channel1_IRQHandler                 0x080001ab   Thumb Code     0  startup_stm32f10x_md.o(.text)
    DMA1_Channel2_IRQHandler                 0x080001ab   Thumb Code     0  startup_stm32f10x_md.o(.text)
    DMA1_Channel3_IRQHandler                 0x080001ab   Thumb Code     0  startup_stm32f10x_md.o(.text)
    DMA1_Channel4_IRQHandler                 0x080001ab   Thumb Code     0  startup_stm32f10x_md.o(.text)
    DMA1_Channel5_IRQHandler                 0x080001ab   Thumb Code     0  startup_stm32f10x_md.o(.text)
    DMA1_Channel6_IRQHandler                 0x080001ab   Thumb Code     0  startup_stm32f10x_md.o(.text)
    DMA1_Channel7_IRQHandler                 0x080001ab   Thumb Code     0  startup_stm32f10x_md.o(.text)
    EXTI0_IRQHandler                         0x080001ab   Thumb Code     0  startup_stm32f10x_md.o(.text)
    EXTI15_10_IRQHandler                     0x080001ab   Thumb Code     0  startup_stm32f10x_md.o(.text)
    EXTI1_IRQHandler                         0x080001ab   Thumb Code     0  startup_stm32f10x_md.o(.text)
    EXTI2_IRQHandler                         0x080001ab   Thumb Code     0  startup_stm32f10x_md.o(.text)
    EXTI3_IRQHandler                         0x080001ab   Thumb Code     0  startup_stm32f10x_md.o(.text)
    EXTI4_IRQHandler                         0x080001ab   Thumb Code     0  startup_stm32f10x_md.o(.text)
    EXTI9_5_IRQHandler                       0x080001ab   Thumb Code     0  startup_stm32f10x_md.o(.text)
    FLASH_IRQHandler                         0x080001ab   Thumb Code     0  startup_stm32f10x_md.o(.text)
    I2C1_ER_IRQHandler                       0x080001ab   Thumb Code     0  startup_stm32f10x_md.o(.text)
    I2C1_EV_IRQHandler                       0x080001ab   Thumb Code     0  startup_stm32f10x_md.o(.text)
    I2C2_ER_IRQHandler                       0x080001ab   Thumb Code     0  startup_stm32f10x_md.o(.text)
    I2C2_EV_IRQHandler                       0x080001ab   Thumb Code     0  startup_stm32f10x_md.o(.text)
    PVD_IRQHandler                           0x080001ab   Thumb Code     0  startup_stm32f10x_md.o(.text)
    RCC_IRQHandler                           0x080001ab   Thumb Code     0  startup_stm32f10x_md.o(.text)
    RTCAlarm_IRQHandler                      0x080001ab   Thumb Code     0  startup_stm32f10x_md.o(.text)
    RTC_IRQHandler                           0x080001ab   Thumb Code     0  startup_stm32f10x_md.o(.text)
    SPI1_IRQHandler                          0x080001ab   Thumb Code     0  startup_stm32f10x_md.o(.text)
    SPI2_IRQHandler                          0x080001ab   Thumb Code     0  startup_stm32f10x_md.o(.text)
    TAMPER_IRQHandler                        0x080001ab   Thumb Code     0  startup_stm32f10x_md.o(.text)
    TIM1_BRK_IRQHandler                      0x080001ab   Thumb Code     0  startup_stm32f10x_md.o(.text)
    TIM1_CC_IRQHandler                       0x080001ab   Thumb Code     0  startup_stm32f10x_md.o(.text)
    TIM1_TRG_COM_IRQHandler                  0x080001ab   Thumb Code     0  startup_stm32f10x_md.o(.text)
    TIM2_IRQHandler                          0x080001ab   Thumb Code     0  startup_stm32f10x_md.o(.text)
    TIM3_IRQHandler                          0x080001ab   Thumb Code     0  startup_stm32f10x_md.o(.text)
    TIM4_IRQHandler                          0x080001ab   Thumb Code     0  startup_stm32f10x_md.o(.text)
    USART2_IRQHandler                        0x080001ab   Thumb Code     0  startup_stm32f10x_md.o(.text)
    USART3_IRQHandler                        0x080001ab   Thumb Code     0  startup_stm32f10x_md.o(.text)
    USBWakeUp_IRQHandler                     0x080001ab   Thumb Code     0  startup_stm32f10x_md.o(.text)
    USB_HP_CAN1_TX_IRQHandler                0x080001ab   Thumb Code     0  startup_stm32f10x_md.o(.text)
    USB_LP_CAN1_RX0_IRQHandler               0x080001ab   Thumb Code     0  startup_stm32f10x_md.o(.text)
    WWDG_IRQHandler                          0x080001ab   Thumb Code     0  startup_stm32f10x_md.o(.text)
    __user_initial_stackheap                 0x080001ad   Thumb Code     0  startup_stm32f10x_md.o(.text)
    __use_no_semihosting                     0x080001d1   Thumb Code     2  use_no_semi_2.o(.text)
    __2printf                                0x080001d5   Thumb Code    20  noretval__2printf.o(.text)
    _printf_int_dec                          0x080001ed   Thumb Code   104  _printf_dec.o(.text)
    __printf                                 0x08000265   Thumb Code   270  __printf_wp.o(.text)
    __use_two_region_memory                  0x08000373   Thumb Code     2  heapauxi.o(.text)
    __rt_heap_escrow$2region                 0x08000375   Thumb Code     2  heapauxi.o(.text)
    __rt_heap_expand$2region                 0x08000377   Thumb Code     2  heapauxi.o(.text)
    __I$use$semihosting                      0x08000379   Thumb Code     0  use_no_semi.o(.text)
    __use_no_semihosting_swi                 0x08000379   Thumb Code     2  use_no_semi.o(.text)
    _printf_int_common                       0x0800037b   Thumb Code   178  _printf_intcommon.o(.text)
    _printf_char_file                        0x0800042d   Thumb Code    32  _printf_char_file.o(.text)
    _printf_char_common                      0x0800045b   Thumb Code    32  _printf_char_common.o(.text)
    ferror                                   0x08000481   Thumb Code     8  ferror.o(.text)
    __user_libspace                          0x08000489   Thumb Code     8  libspace.o(.text)
    __user_perproc_libspace                  0x08000489   Thumb Code     0  libspace.o(.text)
    __user_perthread_libspace                0x08000489   Thumb Code     0  libspace.o(.text)
    __user_setup_stackheap                   0x08000491   Thumb Code    74  sys_stackheap_outer.o(.text)
    exit                                     0x080004db   Thumb Code    18  exit.o(.text)
    BusFault_Handler                         0x080004ed   Thumb Code     4  stm32f10x_it.o(i.BusFault_Handler)
    DebugMon_Handler                         0x080004f1   Thumb Code     2  stm32f10x_it.o(i.DebugMon_Handler)
    Fox_Pid_Position                         0x080004f3   Thumb Code   170  tim1.o(i.Fox_Pid_Position)
    GPIO_Init                                0x0800059d   Thumb Code   278  stm32f10x_gpio.o(i.GPIO_Init)
    GPIO_ReadInputDataBit                    0x080006b3   Thumb Code    18  stm32f10x_gpio.o(i.GPIO_ReadInputDataBit)
    GPIO_ResetBits                           0x080006c5   Thumb Code     4  stm32f10x_gpio.o(i.GPIO_ResetBits)
    GPIO_SetBits                             0x080006c9   Thumb Code     4  stm32f10x_gpio.o(i.GPIO_SetBits)
    HardFault_Handler                        0x080006cd   Thumb Code     4  stm32f10x_it.o(i.HardFault_Handler)
    Key_Init                                 0x080006d1   Thumb Code    40  main.o(i.Key_Init)
    Key_set                                  0x080006fd   Thumb Code   140  tim1.o(i.Key_set)
    MemManage_Handler                        0x0800079d   Thumb Code     4  stm32f10x_it.o(i.MemManage_Handler)
    NMI_Handler                              0x080007a1   Thumb Code     2  stm32f10x_it.o(i.NMI_Handler)
    NVIC_Init                                0x080007a5   Thumb Code   100  misc.o(i.NVIC_Init)
    PendSV_Handler                           0x08000815   Thumb Code     2  stm32f10x_it.o(i.PendSV_Handler)
    Pid_init                                 0x08000819   Thumb Code    58  tim1.o(i.Pid_init)
    RCC_APB1PeriphClockCmd                   0x08000869   Thumb Code    26  stm32f10x_rcc.o(i.RCC_APB1PeriphClockCmd)
    RCC_APB1PeriphResetCmd                   0x08000889   Thumb Code    26  stm32f10x_rcc.o(i.RCC_APB1PeriphResetCmd)
    RCC_APB2PeriphClockCmd                   0x080008a9   Thumb Code    26  stm32f10x_rcc.o(i.RCC_APB2PeriphClockCmd)
    RCC_APB2PeriphResetCmd                   0x080008c9   Thumb Code    26  stm32f10x_rcc.o(i.RCC_APB2PeriphResetCmd)
    RCC_GetClocksFreq                        0x080008e9   Thumb Code   192  stm32f10x_rcc.o(i.RCC_GetClocksFreq)
    SVC_Handler                              0x080009bd   Thumb Code     2  stm32f10x_it.o(i.SVC_Handler)
    Stepmotor_control                        0x08000aa9   Thumb Code   172  tim1.o(i.Stepmotor_control)
    SysTick_Handler                          0x08000b69   Thumb Code     2  stm32f10x_it.o(i.SysTick_Handler)
    SystemInit                               0x08000b6d   Thumb Code    78  system_stm32f10x.o(i.SystemInit)
    TIM1_Init                                0x08000bcd   Thumb Code    88  tim1.o(i.TIM1_Init)
    TIM1_UP_IRQHandler                       0x08000c29   Thumb Code   302  tim1.o(i.TIM1_UP_IRQHandler)
    TIM2_PWM_Init                            0x08000db9   Thumb Code   204  tim2.o(i.TIM2_PWM_Init)
    TIM3_PWM_Init                            0x08000e89   Thumb Code   220  tim3.o(i.TIM3_PWM_Init)
    TIM_ARRPreloadConfig                     0x08000f71   Thumb Code    24  stm32f10x_tim.o(i.TIM_ARRPreloadConfig)
    TIM_ClearITPendingBit                    0x08000f89   Thumb Code     6  stm32f10x_tim.o(i.TIM_ClearITPendingBit)
    TIM_Cmd                                  0x08000f8f   Thumb Code    24  stm32f10x_tim.o(i.TIM_Cmd)
    TIM_CtrlPWMOutputs                       0x08000fa7   Thumb Code    30  stm32f10x_tim.o(i.TIM_CtrlPWMOutputs)
    TIM_GetITStatus                          0x08000fc5   Thumb Code    34  stm32f10x_tim.o(i.TIM_GetITStatus)
    TIM_ITConfig                             0x08000fe7   Thumb Code    18  stm32f10x_tim.o(i.TIM_ITConfig)
    TIM_OC1Init                              0x08000ff9   Thumb Code   132  stm32f10x_tim.o(i.TIM_OC1Init)
    TIM_OC1PreloadConfig                     0x08001091   Thumb Code    18  stm32f10x_tim.o(i.TIM_OC1PreloadConfig)
    TIM_OC2Init                              0x080010a5   Thumb Code   154  stm32f10x_tim.o(i.TIM_OC2Init)
    TIM_OC2PreloadConfig                     0x08001149   Thumb Code    26  stm32f10x_tim.o(i.TIM_OC2PreloadConfig)
    TIM_OC3Init                              0x08001165   Thumb Code   150  stm32f10x_tim.o(i.TIM_OC3Init)
    TIM_OC3PreloadConfig                     0x08001205   Thumb Code    18  stm32f10x_tim.o(i.TIM_OC3PreloadConfig)
    TIM_OC4Init                              0x08001219   Thumb Code   114  stm32f10x_tim.o(i.TIM_OC4Init)
    TIM_OC4PreloadConfig                     0x08001295   Thumb Code    26  stm32f10x_tim.o(i.TIM_OC4PreloadConfig)
    TIM_SetCompare4                          0x080012af   Thumb Code     6  stm32f10x_tim.o(i.TIM_SetCompare4)
    TIM_TimeBaseInit                         0x080012b5   Thumb Code   122  stm32f10x_tim.o(i.TIM_TimeBaseInit)
    USART1_IRQHandler                        0x08001359   Thumb Code   128  usart.o(i.USART1_IRQHandler)
    USART1_Init                              0x080013ed   Thumb Code   156  usart.o(i.USART1_Init)
    USART_Cmd                                0x08001491   Thumb Code    24  stm32f10x_usart.o(i.USART_Cmd)
    USART_DeInit                             0x080014a9   Thumb Code   134  stm32f10x_usart.o(i.USART_DeInit)
    USART_GetITStatus                        0x08001545   Thumb Code    84  stm32f10x_usart.o(i.USART_GetITStatus)
    USART_ITConfig                           0x08001599   Thumb Code    74  stm32f10x_usart.o(i.USART_ITConfig)
    USART_Init                               0x080015e5   Thumb Code   210  stm32f10x_usart.o(i.USART_Init)
    USART_ReceiveData                        0x080016bd   Thumb Code    10  stm32f10x_usart.o(i.USART_ReceiveData)
    UsageFault_Handler                       0x080016c7   Thumb Code     4  stm32f10x_it.o(i.UsageFault_Handler)
    _is_digit                                0x080016cb   Thumb Code    14  __printf_wp.o(i._is_digit)
    _sys_exit                                0x080016d9   Thumb Code     4  usart.o(i._sys_exit)
    fputc                                    0x080016dd   Thumb Code    24  usart.o(i.fputc)
    keyscan                                  0x080016f9   Thumb Code   586  tim1.o(i.keyscan)
    main                                     0x08001955   Thumb Code    90  main.o(i.main)
    myGPIO_Init                              0x080019b9   Thumb Code   116  main.o(i.myGPIO_Init)
    myabs                                    0x08001a39   Thumb Code    14  tim1.o(i.myabs)
    __aeabi_fadd                             0x08001a49   Thumb Code     0  faddsub_clz.o(x$fpl$fadd)
    _fadd                                    0x08001a49   Thumb Code   196  faddsub_clz.o(x$fpl$fadd)
    __fpl_fcmp_Inf                           0x08001b0d   Thumb Code    24  fcmpi.o(x$fpl$fcmpinf)
    __aeabi_f2iz                             0x08001b25   Thumb Code     0  ffix.o(x$fpl$ffix)
    _ffix                                    0x08001b25   Thumb Code    54  ffix.o(x$fpl$ffix)
    __aeabi_i2f                              0x08001b5d   Thumb Code     0  fflt_clz.o(x$fpl$fflt)
    _fflt                                    0x08001b5d   Thumb Code    48  fflt_clz.o(x$fpl$fflt)
    __aeabi_cfcmple                          0x08001b8d   Thumb Code     0  fleqf.o(x$fpl$fleqf)
    _fcmple                                  0x08001b8d   Thumb Code   104  fleqf.o(x$fpl$fleqf)
    __fpl_fcmple_InfNaN                      0x08001bdf   Thumb Code     0  fleqf.o(x$fpl$fleqf)
    __aeabi_fmul                             0x08001bf5   Thumb Code     0  fmul.o(x$fpl$fmul)
    _fmul                                    0x08001bf5   Thumb Code   258  fmul.o(x$fpl$fmul)
    __fpl_fnaninf                            0x08001cf7   Thumb Code   140  fnaninf.o(x$fpl$fnaninf)
    __fpl_fretinf                            0x08001d83   Thumb Code    10  fretinf.o(x$fpl$fretinf)
    __aeabi_cfrcmple                         0x08001d8d   Thumb Code     0  frleqf.o(x$fpl$frleqf)
    _frcmple                                 0x08001d8d   Thumb Code    98  frleqf.o(x$fpl$frleqf)
    __aeabi_fsub                             0x08001df1   Thumb Code     0  faddsub_clz.o(x$fpl$fsub)
    _fsub                                    0x08001df1   Thumb Code   234  faddsub_clz.o(x$fpl$fsub)
    __I$use$fp                               0x08001eda   Number         0  usenofp.o(x$fpl$usenofp)
    Region$$Table$$Base                      0x08001edc   Number         0  anon$$obj.o(Region$$Table)
    Region$$Table$$Limit                     0x08001efc   Number         0  anon$$obj.o(Region$$Table)
    data                                     0x20000014   Data           4  usart.o(.data)
    __stdout                                 0x20000018   Data           4  usart.o(.data)
    Imu_t                                    0x20000020   Data           1  tim1.o(.data)
    Uart_t                                   0x20000021   Data           1  tim1.o(.data)
    Pid_t                                    0x20000022   Data           1  tim1.o(.data)
    Pwm_state                                0x20000023   Data           1  tim1.o(.data)
    StepmotorX_dir                           0x20000024   Data           1  tim1.o(.data)
    StepmotorY_dir                           0x20000025   Data           1  tim1.o(.data)
    StepmotorX_en                            0x20000026   Data           1  tim1.o(.data)
    StepmotorY_en                            0x20000027   Data           1  tim1.o(.data)
    Flag_steprecord                          0x20000028   Data           1  tim1.o(.data)
    Flag_stepreset                           0x20000029   Data           1  tim1.o(.data)
    Pointg_X                                 0x2000002a   Data           1  tim1.o(.data)
    Pointg_Y                                 0x2000002b   Data           1  tim1.o(.data)
    Pointr_X                                 0x2000002c   Data           1  tim1.o(.data)
    Pointr_Y                                 0x2000002d   Data           1  tim1.o(.data)
    Point_Xlast                              0x2000002e   Data           1  tim1.o(.data)
    Point_Ylast                              0x2000002f   Data           1  tim1.o(.data)
    Draw_state                               0x20000030   Data           1  tim1.o(.data)
    Flag_getkp                               0x20000031   Data           1  tim1.o(.data)
    Flag_draw                                0x20000032   Data           1  tim1.o(.data)
    Rect_point                               0x20000033   Data           8  tim1.o(.data)
    Rect_pointnum                            0x2000003b   Data           1  tim1.o(.data)
    Pointfollow_num                          0x2000003c   Data           1  tim1.o(.data)
    Flag_rectrecord                          0x2000003d   Data           1  tim1.o(.data)
    Flag_follow                              0x2000003e   Data           1  tim1.o(.data)
    Motor_choose                             0x2000003f   Data           1  tim1.o(.data)
    AimX                                     0x20000040   Data           1  tim1.o(.data)
    AimY                                     0x20000041   Data           1  tim1.o(.data)
    Key_state                                0x20000042   Data           1  tim1.o(.data)
    mode                                     0x20000043   Data           1  tim1.o(.data)
    Real_aimx                                0x20000044   Data           4  tim1.o(.data)
    Real_aimy                                0x20000048   Data           4  tim1.o(.data)
    Aim_x                                    0x2000004c   Data           4  tim1.o(.data)
    Aim_y                                    0x20000050   Data           4  tim1.o(.data)
    Reset_valueY                             0x20000054   Data           4  tim1.o(.data)
    Reset_valueX                             0x20000058   Data           4  tim1.o(.data)
    Center_x                                 0x2000005c   Data           4  tim1.o(.data)
    Center_y                                 0x20000060   Data           4  tim1.o(.data)
    Kp_move                                  0x20000064   Data           4  tim1.o(.data)
    longpresstime                            0x20000068   Data           4  tim1.o(.data)
    shortpresstime                           0x2000006c   Data           4  tim1.o(.data)
    n                                        0x20000070   Data           4  tim1.o(.data)
    Rect_recordtimes                         0x20000074   Data           4  tim1.o(.data)
    CurX_num                                 0x20000078   Data           4  tim1.o(.data)
    CurY_num                                 0x2000007c   Data           4  tim1.o(.data)
    Point                                    0x20000080   Data          56  tim1.o(.data)
    keystate                                 0x200000b8   Data           4  tim1.o(.data)
    StepXnum                                 0x200000bc   Data           4  tim1.o(.data)
    StepYnum                                 0x200000c0   Data           4  tim1.o(.data)
    uart_t                                   0x200000c4   Data           4  tim1.o(.data)
    Error_X                                  0x200000c8   Data           4  tim1.o(.data)
    Error_Y                                  0x200000cc   Data           4  tim1.o(.data)
    str                                      0x200000d4   Data          50  tim1.o(.bss)
    rx_buff                                  0x20000106   Data          20  tim1.o(.bss)
    Rect_usepoint                            0x2000011c   Data        1040  tim1.o(.bss)
    Real_rectpoint                           0x2000052c   Data          32  tim1.o(.bss)
    Servo_x                                  0x2000054c   Data          56  tim1.o(.bss)
    Servo_y                                  0x20000584   Data          56  tim1.o(.bss)
    Sum_rectpoint                            0x200005bc   Data          32  tim1.o(.bss)
    keypresstime                             0x200005dc   Data          16  tim1.o(.bss)
    __libspace_start                         0x200005ec   Data          96  libspace.o(.bss)
    __temporary_stack_top$libspace           0x2000064c   Data           0  libspace.o(.bss)



==============================================================================

Memory Map of the image

  Image Entry point : 0x080000ed

  Load Region LR_IROM1 (Base: 0x08000000, Size: 0x00001fd0, Max: 0x00010000, ABSOLUTE)

    Execution Region ER_IROM1 (Exec base: 0x08000000, Load base: 0x08000000, Size: 0x00001efc, Max: 0x00010000, ABSOLUTE)

    Exec Addr    Load Addr    Size         Type   Attr      Idx    E Section Name        Object

    0x08000000   0x08000000   0x000000ec   Data   RO            3    RESET               startup_stm32f10x_md.o
    0x080000ec   0x080000ec   0x00000008   Code   RO         3740  * !!!main             c_w.l(__main.o)
    0x080000f4   0x080000f4   0x00000034   Code   RO         3992    !!!scatter          c_w.l(__scatter.o)
    0x08000128   0x08000128   0x0000001a   Code   RO         3994    !!handler_copy      c_w.l(__scatter_copy.o)
    0x08000142   0x08000142   0x00000002   PAD
    0x08000144   0x08000144   0x0000001c   Code   RO         3996    !!handler_zi        c_w.l(__scatter_zi.o)
    0x08000160   0x08000160   0x00000000   Code   RO         3737    .ARM.Collect$$_printf_percent$$00000000  c_w.l(_printf_percent.o)
    0x08000160   0x08000160   0x00000006   Code   RO         3735    .ARM.Collect$$_printf_percent$$00000009  c_w.l(_printf_d.o)
    0x08000166   0x08000166   0x00000004   Code   RO         3781    .ARM.Collect$$_printf_percent$$00000017  c_w.l(_printf_percent_end.o)
    0x0800016a   0x0800016a   0x00000002   Code   RO         3869    .ARM.Collect$$libinit$$00000000  c_w.l(libinit.o)
    0x0800016c   0x0800016c   0x00000000   Code   RO         3871    .ARM.Collect$$libinit$$00000002  c_w.l(libinit2.o)
    0x0800016c   0x0800016c   0x00000000   Code   RO         3873    .ARM.Collect$$libinit$$00000004  c_w.l(libinit2.o)
    0x0800016c   0x0800016c   0x00000000   Code   RO         3876    .ARM.Collect$$libinit$$0000000A  c_w.l(libinit2.o)
    0x0800016c   0x0800016c   0x00000000   Code   RO         3878    .ARM.Collect$$libinit$$0000000C  c_w.l(libinit2.o)
    0x0800016c   0x0800016c   0x00000000   Code   RO         3880    .ARM.Collect$$libinit$$0000000E  c_w.l(libinit2.o)
    0x0800016c   0x0800016c   0x00000000   Code   RO         3883    .ARM.Collect$$libinit$$00000011  c_w.l(libinit2.o)
    0x0800016c   0x0800016c   0x00000000   Code   RO         3885    .ARM.Collect$$libinit$$00000013  c_w.l(libinit2.o)
    0x0800016c   0x0800016c   0x00000000   Code   RO         3887    .ARM.Collect$$libinit$$00000015  c_w.l(libinit2.o)
    0x0800016c   0x0800016c   0x00000000   Code   RO         3889    .ARM.Collect$$libinit$$00000017  c_w.l(libinit2.o)
    0x0800016c   0x0800016c   0x00000000   Code   RO         3891    .ARM.Collect$$libinit$$00000019  c_w.l(libinit2.o)
    0x0800016c   0x0800016c   0x00000000   Code   RO         3893    .ARM.Collect$$libinit$$0000001B  c_w.l(libinit2.o)
    0x0800016c   0x0800016c   0x00000000   Code   RO         3895    .ARM.Collect$$libinit$$0000001D  c_w.l(libinit2.o)
    0x0800016c   0x0800016c   0x00000000   Code   RO         3897    .ARM.Collect$$libinit$$0000001F  c_w.l(libinit2.o)
    0x0800016c   0x0800016c   0x00000000   Code   RO         3899    .ARM.Collect$$libinit$$00000021  c_w.l(libinit2.o)
    0x0800016c   0x0800016c   0x00000000   Code   RO         3901    .ARM.Collect$$libinit$$00000023  c_w.l(libinit2.o)
    0x0800016c   0x0800016c   0x00000000   Code   RO         3903    .ARM.Collect$$libinit$$00000025  c_w.l(libinit2.o)
    0x0800016c   0x0800016c   0x00000000   Code   RO         3907    .ARM.Collect$$libinit$$0000002C  c_w.l(libinit2.o)
    0x0800016c   0x0800016c   0x00000000   Code   RO         3909    .ARM.Collect$$libinit$$0000002E  c_w.l(libinit2.o)
    0x0800016c   0x0800016c   0x00000000   Code   RO         3911    .ARM.Collect$$libinit$$00000030  c_w.l(libinit2.o)
    0x0800016c   0x0800016c   0x00000000   Code   RO         3913    .ARM.Collect$$libinit$$00000032  c_w.l(libinit2.o)
    0x0800016c   0x0800016c   0x00000002   Code   RO         3914    .ARM.Collect$$libinit$$00000033  c_w.l(libinit2.o)
    0x0800016e   0x0800016e   0x00000002   Code   RO         3942    .ARM.Collect$$libshutdown$$00000000  c_w.l(libshutdown.o)
    0x08000170   0x08000170   0x00000000   Code   RO         3951    .ARM.Collect$$libshutdown$$00000002  c_w.l(libshutdown2.o)
    0x08000170   0x08000170   0x00000000   Code   RO         3953    .ARM.Collect$$libshutdown$$00000004  c_w.l(libshutdown2.o)
    0x08000170   0x08000170   0x00000000   Code   RO         3956    .ARM.Collect$$libshutdown$$00000007  c_w.l(libshutdown2.o)
    0x08000170   0x08000170   0x00000000   Code   RO         3959    .ARM.Collect$$libshutdown$$0000000A  c_w.l(libshutdown2.o)
    0x08000170   0x08000170   0x00000000   Code   RO         3961    .ARM.Collect$$libshutdown$$0000000C  c_w.l(libshutdown2.o)
    0x08000170   0x08000170   0x00000000   Code   RO         3964    .ARM.Collect$$libshutdown$$0000000F  c_w.l(libshutdown2.o)
    0x08000170   0x08000170   0x00000002   Code   RO         3965    .ARM.Collect$$libshutdown$$00000010  c_w.l(libshutdown2.o)
    0x08000172   0x08000172   0x00000000   Code   RO         3774    .ARM.Collect$$rtentry$$00000000  c_w.l(__rtentry.o)
    0x08000172   0x08000172   0x00000000   Code   RO         3792    .ARM.Collect$$rtentry$$00000002  c_w.l(__rtentry2.o)
    0x08000172   0x08000172   0x00000006   Code   RO         3804    .ARM.Collect$$rtentry$$00000004  c_w.l(__rtentry4.o)
    0x08000178   0x08000178   0x00000000   Code   RO         3794    .ARM.Collect$$rtentry$$00000009  c_w.l(__rtentry2.o)
    0x08000178   0x08000178   0x00000004   Code   RO         3795    .ARM.Collect$$rtentry$$0000000A  c_w.l(__rtentry2.o)
    0x0800017c   0x0800017c   0x00000000   Code   RO         3797    .ARM.Collect$$rtentry$$0000000C  c_w.l(__rtentry2.o)
    0x0800017c   0x0800017c   0x00000008   Code   RO         3798    .ARM.Collect$$rtentry$$0000000D  c_w.l(__rtentry2.o)
    0x08000184   0x08000184   0x00000002   Code   RO         3915    .ARM.Collect$$rtexit$$00000000  c_w.l(rtexit.o)
    0x08000186   0x08000186   0x00000000   Code   RO         3922    .ARM.Collect$$rtexit$$00000002  c_w.l(rtexit2.o)
    0x08000186   0x08000186   0x00000004   Code   RO         3923    .ARM.Collect$$rtexit$$00000003  c_w.l(rtexit2.o)
    0x0800018a   0x0800018a   0x00000006   Code   RO         3924    .ARM.Collect$$rtexit$$00000004  c_w.l(rtexit2.o)
    0x08000190   0x08000190   0x00000040   Code   RO            4    .text               startup_stm32f10x_md.o
    0x080001d0   0x080001d0   0x00000002   Code   RO         3705    .text               c_w.l(use_no_semi_2.o)
    0x080001d2   0x080001d2   0x00000002   PAD
    0x080001d4   0x080001d4   0x00000018   Code   RO         3709    .text               c_w.l(noretval__2printf.o)
    0x080001ec   0x080001ec   0x00000078   Code   RO         3713    .text               c_w.l(_printf_dec.o)
    0x08000264   0x08000264   0x0000010e   Code   RO         3723    .text               c_w.l(__printf_wp.o)
    0x08000372   0x08000372   0x00000006   Code   RO         3738    .text               c_w.l(heapauxi.o)
    0x08000378   0x08000378   0x00000002   Code   RO         3772    .text               c_w.l(use_no_semi.o)
    0x0800037a   0x0800037a   0x000000b2   Code   RO         3775    .text               c_w.l(_printf_intcommon.o)
    0x0800042c   0x0800042c   0x00000024   Code   RO         3779    .text               c_w.l(_printf_char_file.o)
    0x08000450   0x08000450   0x00000030   Code   RO         3813    .text               c_w.l(_printf_char_common.o)
    0x08000480   0x08000480   0x00000008   Code   RO         3842    .text               c_w.l(ferror.o)
    0x08000488   0x08000488   0x00000008   Code   RO         3853    .text               c_w.l(libspace.o)
    0x08000490   0x08000490   0x0000004a   Code   RO         3856    .text               c_w.l(sys_stackheap_outer.o)
    0x080004da   0x080004da   0x00000012   Code   RO         3860    .text               c_w.l(exit.o)
    0x080004ec   0x080004ec   0x00000004   Code   RO         3640    i.BusFault_Handler  stm32f10x_it.o
    0x080004f0   0x080004f0   0x00000002   Code   RO         3641    i.DebugMon_Handler  stm32f10x_it.o
    0x080004f2   0x080004f2   0x000000aa   Code   RO         3491    i.Fox_Pid_Position  tim1.o
    0x0800059c   0x0800059c   0x00000116   Code   RO         1347    i.GPIO_Init         stm32f10x_gpio.o
    0x080006b2   0x080006b2   0x00000012   Code   RO         1351    i.GPIO_ReadInputDataBit  stm32f10x_gpio.o
    0x080006c4   0x080006c4   0x00000004   Code   RO         1354    i.GPIO_ResetBits    stm32f10x_gpio.o
    0x080006c8   0x080006c8   0x00000004   Code   RO         1355    i.GPIO_SetBits      stm32f10x_gpio.o
    0x080006cc   0x080006cc   0x00000004   Code   RO         3642    i.HardFault_Handler  stm32f10x_it.o
    0x080006d0   0x080006d0   0x0000002c   Code   RO         3596    i.Key_Init          main.o
    0x080006fc   0x080006fc   0x000000a0   Code   RO         3493    i.Key_set           tim1.o
    0x0800079c   0x0800079c   0x00000004   Code   RO         3643    i.MemManage_Handler  stm32f10x_it.o
    0x080007a0   0x080007a0   0x00000002   Code   RO         3644    i.NMI_Handler       stm32f10x_it.o
    0x080007a2   0x080007a2   0x00000002   PAD
    0x080007a4   0x080007a4   0x00000070   Code   RO          137    i.NVIC_Init         misc.o
    0x08000814   0x08000814   0x00000002   Code   RO         3645    i.PendSV_Handler    stm32f10x_it.o
    0x08000816   0x08000816   0x00000002   PAD
    0x08000818   0x08000818   0x00000050   Code   RO         3494    i.Pid_init          tim1.o
    0x08000868   0x08000868   0x00000020   Code   RO         1775    i.RCC_APB1PeriphClockCmd  stm32f10x_rcc.o
    0x08000888   0x08000888   0x00000020   Code   RO         1776    i.RCC_APB1PeriphResetCmd  stm32f10x_rcc.o
    0x080008a8   0x080008a8   0x00000020   Code   RO         1777    i.RCC_APB2PeriphClockCmd  stm32f10x_rcc.o
    0x080008c8   0x080008c8   0x00000020   Code   RO         1778    i.RCC_APB2PeriphResetCmd  stm32f10x_rcc.o
    0x080008e8   0x080008e8   0x000000d4   Code   RO         1785    i.RCC_GetClocksFreq  stm32f10x_rcc.o
    0x080009bc   0x080009bc   0x00000002   Code   RO         3646    i.SVC_Handler       stm32f10x_it.o
    0x080009be   0x080009be   0x00000008   Code   RO           24    i.SetSysClock       system_stm32f10x.o
    0x080009c6   0x080009c6   0x00000002   PAD
    0x080009c8   0x080009c8   0x000000e0   Code   RO           25    i.SetSysClockTo72   system_stm32f10x.o
    0x08000aa8   0x08000aa8   0x000000c0   Code   RO         3498    i.Stepmotor_control  tim1.o
    0x08000b68   0x08000b68   0x00000002   Code   RO         3647    i.SysTick_Handler   stm32f10x_it.o
    0x08000b6a   0x08000b6a   0x00000002   PAD
    0x08000b6c   0x08000b6c   0x00000060   Code   RO           27    i.SystemInit        system_stm32f10x.o
    0x08000bcc   0x08000bcc   0x0000005c   Code   RO         3499    i.TIM1_Init         tim1.o
    0x08000c28   0x08000c28   0x00000190   Code   RO         3500    i.TIM1_UP_IRQHandler  tim1.o
    0x08000db8   0x08000db8   0x000000d0   Code   RO         3461    i.TIM2_PWM_Init     tim2.o
    0x08000e88   0x08000e88   0x000000e8   Code   RO         3476    i.TIM3_PWM_Init     tim3.o
    0x08000f70   0x08000f70   0x00000018   Code   RO         2409    i.TIM_ARRPreloadConfig  stm32f10x_tim.o
    0x08000f88   0x08000f88   0x00000006   Code   RO         2416    i.TIM_ClearITPendingBit  stm32f10x_tim.o
    0x08000f8e   0x08000f8e   0x00000018   Code   RO         2421    i.TIM_Cmd           stm32f10x_tim.o
    0x08000fa6   0x08000fa6   0x0000001e   Code   RO         2423    i.TIM_CtrlPWMOutputs  stm32f10x_tim.o
    0x08000fc4   0x08000fc4   0x00000022   Code   RO         2442    i.TIM_GetITStatus   stm32f10x_tim.o
    0x08000fe6   0x08000fe6   0x00000012   Code   RO         2446    i.TIM_ITConfig      stm32f10x_tim.o
    0x08000ff8   0x08000ff8   0x00000098   Code   RO         2450    i.TIM_OC1Init       stm32f10x_tim.o
    0x08001090   0x08001090   0x00000012   Code   RO         2453    i.TIM_OC1PreloadConfig  stm32f10x_tim.o
    0x080010a2   0x080010a2   0x00000002   PAD
    0x080010a4   0x080010a4   0x000000a4   Code   RO         2455    i.TIM_OC2Init       stm32f10x_tim.o
    0x08001148   0x08001148   0x0000001a   Code   RO         2458    i.TIM_OC2PreloadConfig  stm32f10x_tim.o
    0x08001162   0x08001162   0x00000002   PAD
    0x08001164   0x08001164   0x000000a0   Code   RO         2460    i.TIM_OC3Init       stm32f10x_tim.o
    0x08001204   0x08001204   0x00000012   Code   RO         2463    i.TIM_OC3PreloadConfig  stm32f10x_tim.o
    0x08001216   0x08001216   0x00000002   PAD
    0x08001218   0x08001218   0x0000007c   Code   RO         2465    i.TIM_OC4Init       stm32f10x_tim.o
    0x08001294   0x08001294   0x0000001a   Code   RO         2467    i.TIM_OC4PreloadConfig  stm32f10x_tim.o
    0x080012ae   0x080012ae   0x00000006   Code   RO         2485    i.TIM_SetCompare4   stm32f10x_tim.o
    0x080012b4   0x080012b4   0x000000a4   Code   RO         2492    i.TIM_TimeBaseInit  stm32f10x_tim.o
    0x08001358   0x08001358   0x00000094   Code   RO         3290    i.USART1_IRQHandler  usart.o
    0x080013ec   0x080013ec   0x000000a4   Code   RO         3291    i.USART1_Init       usart.o
    0x08001490   0x08001490   0x00000018   Code   RO         2960    i.USART_Cmd         stm32f10x_usart.o
    0x080014a8   0x080014a8   0x0000009c   Code   RO         2962    i.USART_DeInit      stm32f10x_usart.o
    0x08001544   0x08001544   0x00000054   Code   RO         2964    i.USART_GetITStatus  stm32f10x_usart.o
    0x08001598   0x08001598   0x0000004a   Code   RO         2966    i.USART_ITConfig    stm32f10x_usart.o
    0x080015e2   0x080015e2   0x00000002   PAD
    0x080015e4   0x080015e4   0x000000d8   Code   RO         2967    i.USART_Init        stm32f10x_usart.o
    0x080016bc   0x080016bc   0x0000000a   Code   RO         2974    i.USART_ReceiveData  stm32f10x_usart.o
    0x080016c6   0x080016c6   0x00000004   Code   RO         3648    i.UsageFault_Handler  stm32f10x_it.o
    0x080016ca   0x080016ca   0x0000000e   Code   RO         3725    i._is_digit         c_w.l(__printf_wp.o)
    0x080016d8   0x080016d8   0x00000004   Code   RO         3292    i._sys_exit         usart.o
    0x080016dc   0x080016dc   0x0000001c   Code   RO         3293    i.fputc             usart.o
    0x080016f8   0x080016f8   0x0000025c   Code   RO         3501    i.keyscan           tim1.o
    0x08001954   0x08001954   0x00000064   Code   RO         3597    i.main              main.o
    0x080019b8   0x080019b8   0x00000080   Code   RO         3598    i.myGPIO_Init       main.o
    0x08001a38   0x08001a38   0x0000000e   Code   RO         3503    i.myabs             tim1.o
    0x08001a46   0x08001a46   0x00000002   PAD
    0x08001a48   0x08001a48   0x000000c4   Code   RO         3744    x$fpl$fadd          fz_ws.l(faddsub_clz.o)
    0x08001b0c   0x08001b0c   0x00000018   Code   RO         3784    x$fpl$fcmpinf       fz_ws.l(fcmpi.o)
    0x08001b24   0x08001b24   0x00000036   Code   RO         3754    x$fpl$ffix          fz_ws.l(ffix.o)
    0x08001b5a   0x08001b5a   0x00000002   PAD
    0x08001b5c   0x08001b5c   0x00000030   Code   RO         3759    x$fpl$fflt          fz_ws.l(fflt_clz.o)
    0x08001b8c   0x08001b8c   0x00000068   Code   RO         3764    x$fpl$fleqf         fz_ws.l(fleqf.o)
    0x08001bf4   0x08001bf4   0x00000102   Code   RO         3766    x$fpl$fmul          fz_ws.l(fmul.o)
    0x08001cf6   0x08001cf6   0x0000008c   Code   RO         3786    x$fpl$fnaninf       fz_ws.l(fnaninf.o)
    0x08001d82   0x08001d82   0x0000000a   Code   RO         3788    x$fpl$fretinf       fz_ws.l(fretinf.o)
    0x08001d8c   0x08001d8c   0x00000062   Code   RO         3768    x$fpl$frleqf        fz_ws.l(frleqf.o)
    0x08001dee   0x08001dee   0x00000002   PAD
    0x08001df0   0x08001df0   0x000000ea   Code   RO         3746    x$fpl$fsub          fz_ws.l(faddsub_clz.o)
    0x08001eda   0x08001eda   0x00000000   Code   RO         3790    x$fpl$usenofp       fz_ws.l(usenofp.o)
    0x08001eda   0x08001eda   0x00000002   PAD
    0x08001edc   0x08001edc   0x00000020   Data   RO         3990    Region$$Table       anon$$obj.o


    Execution Region RW_IRAM1 (Exec base: 0x20000000, Load base: 0x08001efc, Size: 0x00000c50, Max: 0x00005000, ABSOLUTE)

    Exec Addr    Load Addr    Size         Type   Attr      Idx    E Section Name        Object

    0x20000000   0x08001efc   0x00000014   Data   RW         1805    .data               stm32f10x_rcc.o
    0x20000014   0x08001f10   0x0000000a   Data   RW         3295    .data               usart.o
    0x2000001e   0x08001f1a   0x00000002   PAD
    0x20000020   0x08001f1c   0x000000b3   Data   RW         3506    .data               tim1.o
    0x200000d3   0x08001fcf   0x00000001   PAD
    0x200000d4        -       0x00000518   Zero   RW         3505    .bss                tim1.o
    0x200005ec        -       0x00000060   Zero   RW         3854    .bss                c_w.l(libspace.o)
    0x2000064c   0x08001fcf   0x00000004   PAD
    0x20000650        -       0x00000200   Zero   RW            2    HEAP                startup_stm32f10x_md.o
    0x20000850        -       0x00000400   Zero   RW            1    STACK               startup_stm32f10x_md.o


==============================================================================

Image component sizes


      Code (inc. data)   RO Data    RW Data    ZI Data      Debug   Object Name

         0          0          0          0          0       4508   core_cm3.o
       272         26          0          0          0       1460   main.o
       112         12          0          0          0     204308   misc.o
        64         26        236          0       1536        832   startup_stm32f10x_md.o
         0          0          0          0          0       1664   stm32f10x_adc.o
       304          0          0          0          0      11836   stm32f10x_gpio.o
        26          0          0          0          0       3810   stm32f10x_it.o
       340         44          0         20          0      14112   stm32f10x_rcc.o
       994         92          0          0          0      30260   stm32f10x_tim.o
       564         28          0          0          0      11409   stm32f10x_usart.o
       328         28          0          0          0      45277   system_stm32f10x.o
      1712        182          0        179       1304       8200   tim1.o
       208          4          0          0          0        756   tim2.o
       232         12          0          0          0        772   tim3.o
       344         32          0         10          0       4073   usart.o

    ----------------------------------------------------------------------
      5518        486        268        212       2840     343277   Object Totals
         0          0         32          0          0          0   (incl. Generated)
        18          0          0          3          0          0   (incl. Padding)

    ----------------------------------------------------------------------

      Code (inc. data)   RO Data    RW Data    ZI Data      Debug   Library Member Name

         8          0          0          0          0         68   __main.o
       284          0          0          0          0        156   __printf_wp.o
         0          0          0          0          0          0   __rtentry.o
        12          0          0          0          0          0   __rtentry2.o
         6          0          0          0          0          0   __rtentry4.o
        52          8          0          0          0          0   __scatter.o
        26          0          0          0          0          0   __scatter_copy.o
        28          0          0          0          0          0   __scatter_zi.o
        48          6          0          0          0         96   _printf_char_common.o
        36          4          0          0          0         80   _printf_char_file.o
         6          0          0          0          0          0   _printf_d.o
       120         16          0          0          0         92   _printf_dec.o
       178          0          0          0          0         88   _printf_intcommon.o
         0          0          0          0          0          0   _printf_percent.o
         4          0          0          0          0          0   _printf_percent_end.o
        18          0          0          0          0         80   exit.o
         8          0          0          0          0         68   ferror.o
         6          0          0          0          0        152   heapauxi.o
         2          0          0          0          0          0   libinit.o
         2          0          0          0          0          0   libinit2.o
         2          0          0          0          0          0   libshutdown.o
         2          0          0          0          0          0   libshutdown2.o
         8          4          0          0         96         68   libspace.o
        24          4          0          0          0         84   noretval__2printf.o
         2          0          0          0          0          0   rtexit.o
        10          0          0          0          0          0   rtexit2.o
        74          0          0          0          0         80   sys_stackheap_outer.o
         2          0          0          0          0         68   use_no_semi.o
         2          0          0          0          0         68   use_no_semi_2.o
       430          8          0          0          0        168   faddsub_clz.o
        24          0          0          0          0         68   fcmpi.o
        54          4          0          0          0         84   ffix.o
        48          0          0          0          0         68   fflt_clz.o
       104          4          0          0          0         84   fleqf.o
       258          4          0          0          0         84   fmul.o
       140          4          0          0          0         84   fnaninf.o
        10          0          0          0          0         68   fretinf.o
        98          0          0          0          0         68   frleqf.o
         0          0          0          0          0          0   usenofp.o

    ----------------------------------------------------------------------
      2146         66          0          0        100       2024   Library Totals
        10          0          0          0          4          0   (incl. Padding)

    ----------------------------------------------------------------------

      Code (inc. data)   RO Data    RW Data    ZI Data      Debug   Library Name

       970         42          0          0         96       1248   c_w.l
      1166         24          0          0          0        776   fz_ws.l

    ----------------------------------------------------------------------
      2146         66          0          0        100       2024   Library Totals

    ----------------------------------------------------------------------

==============================================================================


      Code (inc. data)   RO Data    RW Data    ZI Data      Debug   

      7664        552        268        212       2940     341293   Grand Totals
      7664        552        268        212       2940     341293   ELF Image Totals
      7664        552        268        212          0          0   ROM Totals

==============================================================================

    Total RO  Size (Code + RO Data)                 7932 (   7.75kB)
    Total RW  Size (RW Data + ZI Data)              3152 (   3.08kB)
    Total ROM Size (Code + RO Data + RW Data)       8144 (   7.95kB)

==============================================================================

